###############################################################################
#
# IAR ELF Linker V8.40.2.214/W32 for ARM                  11/Mar/2021  10:11:10
# Copyright 2007-2019 IAR Systems AB.
#
#    Output file  =  C:\Users\User\Desktop\RtosWrapper\Debug\Exe\iarproject.out
#    Map file     =
#        C:\Users\User\Desktop\RtosWrapper\Debug\List\iarproject.map
#    Command line =
#        -f C:\Users\User\AppData\Local\Temp\EW61CD.tmp
#        (C:\Users\User\Desktop\RtosWrapper\Debug\Obj\ButtonTask.o
#        C:\Users\User\Desktop\RtosWrapper\Debug\Obj\croutine.o
#        C:\Users\User\Desktop\RtosWrapper\Debug\Obj\event_groups.o
#        C:\Users\User\Desktop\RtosWrapper\Debug\Obj\irqcontroller.o
#        C:\Users\User\Desktop\RtosWrapper\Debug\Obj\Led1Task.o
#        C:\Users\User\Desktop\RtosWrapper\Debug\Obj\Led2Task.o
#        C:\Users\User\Desktop\RtosWrapper\Debug\Obj\Led3Task.o
#        C:\Users\User\Desktop\RtosWrapper\Debug\Obj\LEDTask.o
#        C:\Users\User\Desktop\RtosWrapper\Debug\Obj\list.o
#        C:\Users\User\Desktop\RtosWrapper\Debug\Obj\main.o
#        C:\Users\User\Desktop\RtosWrapper\Debug\Obj\port.o
#        C:\Users\User\Desktop\RtosWrapper\Debug\Obj\portasm.o
#        C:\Users\User\Desktop\RtosWrapper\Debug\Obj\queue.o
#        C:\Users\User\Desktop\RtosWrapper\Debug\Obj\startupF411RE.o
#        C:\Users\User\Desktop\RtosWrapper\Debug\Obj\tasks.o
#        C:\Users\User\Desktop\RtosWrapper\Debug\Obj\timers.o
#        --no_out_extension -o
#        C:\Users\User\Desktop\RtosWrapper\Debug\Exe\iarproject.out --map
#        C:\Users\User\Desktop\RtosWrapper\Debug\List\iarproject.map --log
#        libraries,initialization,modules,redirects,sections,veneers,unused_fragments,call_graph
#        --log_file C:\Users\User\Desktop\RtosWrapper\Debug\List\iarproject.log
#        --config C:\Users\User\Desktop\RtosWrapper\stm32f411xE.icf
#        --semihosting --entry __iar_program_start --vfe --text_out locale)
#
###############################################################################

*******************************************************************************
*** RUNTIME MODEL ATTRIBUTES
***

CppFlavor                     = *
__CPP_Exceptions              = Disabled
__CPP_Language                = C++14
__Heap_Handler                = Basic
__SystemLibrary               = DLib
__dlib_dynamic_initialization = normal
__dlib_version                = 6


*******************************************************************************
*** HEAP SELECTION
***

The basic heap was selected because no calls to memory allocation
functions were found in the application outside of system library
functions, and there are calls to deallocation functions in the
application.


*******************************************************************************
*** PLACEMENT SUMMARY
***

"A0":  place at address 0x800'0000 { ro section .intvec };
"P1":  place in [from 0x800'0000 to 0x807'ffff] { ro };
define block CSTACK with size = 256, alignment = 8 { };
define block HEAP with size = 0, alignment = 8 { };
"P2":  place in [from 0x2000'0000 to 0x2001'ffff] {
          rw, block CSTACK, block HEAP };
initialize by copy { rw };

  Section                Kind         Address    Size  Object
  -------                ----         -------    ----  ------
"A0":                                           0x198
  .intvec                const     0x800'0000   0x198  startupF411RE.o [1]
                                 - 0x800'0198   0x198

"P1":                                          0x20fc
  .text                  ro code   0x800'0198   0x8c0  tasks.o [1]
  .text                  ro code   0x800'0a58    0x98  list.o [1]
  .text                  ro code   0x800'0af0   0x184  port.o [1]
  .text                  ro code   0x800'0c74   0x3b4  timers.o [1]
  CODE                   ro code   0x800'1028    0xa8  portasm.o [1]
  .text                  ro code   0x800'10d0   0x60e  queue.o [1]
  .text                  ro code   0x800'16de    0x3a  zero_init3.o [5]
  .text                  ro code   0x800'1718    0xa6  ABImemcpy.o [5]
  .text                  ro code   0x800'17be    0x2e  copy_init3.o [5]
  .text                  ro code   0x800'17ec   0x274  I64DivMod.o [5]
  .text                  ro code   0x800'1a60     0x2  I64DivZer.o [5]
  .text                  ro code   0x800'1a62     0x2  irqcontroller.o [1]
  .text                  ro code   0x800'1a64   0x1ac  event_groups.o [1]
  .text                  ro code   0x800'1c10    0xb0  main.o [1]
  .text                  ro code   0x800'1cc0    0x2c  main.o [1]
  .text                  ro code   0x800'1cec     0xa  cxxabi.o [3]
  .rodata                const     0x800'1cf6     0x1  unwind_debug.o [6]
  .text                  ro code   0x800'1cf8    0x58  LEDTask.o [1]
  .text                  ro code   0x800'1d50    0x50  ButtonTask.o [1]
  .text                  ro code   0x800'1da0    0x10  main.o [1]
  .text                  ro code   0x800'1db0    0x18  main.o [1]
  .text                  ro code   0x800'1dc8    0x10  main.o [1]
  .text                  ro code   0x800'1dd8    0x18  main.o [1]
  .text                  ro code   0x800'1df0    0x14  main.o [1]
  .text                  ro code   0x800'1e04    0x10  main.o [1]
  .text                  ro code   0x800'1e14    0x14  main.o [1]
  .text                  ro code   0x800'1e28    0x1c  main.o [1]
  .text                  ro code   0x800'1e44    0x22  main.o [1]
  .text                  ro code   0x800'1e66    0x22  main.o [1]
  .text                  ro code   0x800'1e88     0x8  main.o [1]
  .text                  ro code   0x800'1e90    0x1c  main.o [1]
  .text                  ro code   0x800'1eac     0x4  main.o [1]
  .text                  ro code   0x800'1eb0     0x8  main.o [1]
  .text                  ro code   0x800'1eb8    0xa0  cppinit.o [2]
  .text                  ro code   0x800'1f58     0x8  LEDTask.o [1]
  .text                  ro code   0x800'1f60     0xe  LEDTask.o [1]
  .text                  ro code   0x800'1f6e     0xa  ButtonTask.o [1]
  .text                  ro code   0x800'1f78    0x1a  Led3Task.o [1]
  .text                  ro code   0x800'1f92     0x2  main.o [1]
  .text                  ro code   0x800'1f94    0x2c  main.o [1]
  .text                  ro code   0x800'1fc0    0x2c  main.o [1]
  .text                  ro code   0x800'1fec     0x8  main.o [1]
  .text                  ro code   0x800'1ff4     0x6  main.o [1]
  .text                  ro code   0x800'1ffa     0x6  main.o [1]
  .text                  ro code   0x800'2000     0xe  LEDTask.o [1]
  .text                  ro code   0x800'200e    0x18  LEDTask.o [1]
  .text                  ro code   0x800'2028    0x38  ButtonTask.o [1]
  .text                  ro code   0x800'2060     0x8  Led3Task.o [1]
  .text                  ro code   0x800'2068     0x8  LEDTask.o [1]
  .text                  ro code   0x800'2070     0xa  LEDTask.o [1]
  .text                  ro code   0x800'207c    0x28  data_init.o [5]
  .text                  ro code   0x800'20a4    0x22  fpinit_M.o [4]
  .iar.init_table        const     0x800'20c8    0x28  - Linker created -
  .text                  ro code   0x800'20f0    0x20  cmain_call_ctors.o [5]
  .text                  ro code   0x800'2110    0x1e  cmain.o [5]
  .text                  ro code   0x800'212e     0x4  exit.o [2]
  .text                  ro code   0x800'2134     0xe  cexit.o [5]
  .text                  ro code   0x800'2144    0x14  exit.o [6]
  .text                  ro code   0x800'2158    0x14  main.o [1]
  .text                  ro code   0x800'216c     0x8  main.o [1]
  .text                  ro code   0x800'2174    0x14  main.o [1]
  .text                  ro code   0x800'2188     0xc  main.o [1]
  .text                  ro code   0x800'2194    0x12  startupF411RE.o [1]
  .text                  ro code   0x800'21a8    0x10  main.o [1]
  Initializer bytes      const     0x800'21b8    0x10  <for P2-1>
  .text                  ro code   0x800'21c8     0xe  main.o [1]
  .text                  ro code   0x800'21d6     0xa  main.o [1]
  .rodata                const     0x800'21e0     0xc  ButtonTask.o [1]
  .rodata                const     0x800'21ec     0xc  LEDTask.o [1]
  .rodata                const     0x800'21f8     0xc  main.o [1]
  .rodata                const     0x800'2204     0xc  main.o [1]
  .rodata                const     0x800'2210     0xc  main.o [1]
  .rodata                const     0x800'221c     0xc  main.o [1]
  .text                  ro code   0x800'2228     0xc  main.o [1]
  .rodata                const     0x800'2234     0x4  port.o [1]
  .rodata                const     0x800'2238     0x8  ButtonTask.o [1]
  .rodata                const     0x800'2240     0x8  main.o [1]
  .rodata                const     0x800'2248     0x8  main.o [1]
  .rodata                const     0x800'2250     0x8  tasks.o [1]
  .rodata                const     0x800'2258     0x8  timers.o [1]
  .rodata                const     0x800'2260     0x8  timers.o [1]
  .text                  ro code   0x800'2268     0x8  main.o [1]
  .text                  ro code   0x800'2270     0x8  startupF411RE.o [1]
  .text                  ro code   0x800'2278     0x8  startupF411RE.o [1]
  .text                  ro code   0x800'2280     0x8  startupF411RE.o [1]
  .text                  ro code   0x800'2288     0x8  startupF411RE.o [1]
  SHT$$PREINIT_ARRAY               0x800'2290     0x0  <Block>
  SHT$$INIT_ARRAY                  0x800'2290     0x4  <Block>
    .init_array          const     0x800'2290     0x4  main.o [1]
  __iar_tls$$INIT_ARRAY            0x800'2294     0x0  <Block>
  .text                  ro code   0x800'2294     0x0  cstart_call_dtors.o [5]
  .rodata                const     0x800'2294     0x0  zero_init3.o [5]
  .rodata                const     0x800'2294     0x0  copy_init3.o [5]
                                 - 0x800'2294  0x20fc

"P2", part 1 of 3:                               0x10
  P2-1                            0x2000'0000    0x10  <Init block>
    .data                inited   0x2000'0000     0x4  main.o [1]
    .data                inited   0x2000'0004     0x4  main.o [1]
    .data                inited   0x2000'0008     0x4  main.o [1]
    .data                inited   0x2000'000c     0x4  port.o [1]
                                - 0x2000'0010    0x10

"P2", part 2 of 3:                              0xdf8
  .bss                   zero     0x2000'0010   0x400  tasks.o [1]
  .bss                   zero     0x2000'0410   0x270  main.o [1]
  .bss                   zero     0x2000'0680   0x264  main.o [1]
  .bss                   zero     0x2000'08e4   0x200  tasks.o [1]
  .bss                   zero     0x2000'0ae4    0xa0  timers.o [1]
  .bss                   zero     0x2000'0b84    0x64  tasks.o [1]
  .bss                   zero     0x2000'0be8    0x50  tasks.o [1]
  .bss                   zero     0x2000'0c38    0x50  tasks.o [1]
  .bss                   zero     0x2000'0c88    0x48  timers.o [1]
  .bss                   zero     0x2000'0cd0    0x40  queue.o [1]
  .bss                   zero     0x2000'0d10    0x24  main.o [1]
  .bss                   zero     0x2000'0d34    0x14  tasks.o [1]
  .bss                   zero     0x2000'0d48    0x14  tasks.o [1]
  .bss                   zero     0x2000'0d5c    0x14  tasks.o [1]
  .bss                   zero     0x2000'0d70    0x14  tasks.o [1]
  .bss                   zero     0x2000'0d84    0x14  timers.o [1]
  .bss                   zero     0x2000'0d98    0x14  timers.o [1]
  .bss                   zero     0x2000'0dac     0x4  port.o [1]
  .bss                   zero     0x2000'0db0     0x4  tasks.o [1]
  .bss                   zero     0x2000'0db4     0x4  tasks.o [1]
  .bss                   zero     0x2000'0db8     0x4  tasks.o [1]
  .bss                   zero     0x2000'0dbc     0x4  tasks.o [1]
  .bss                   zero     0x2000'0dc0     0x4  tasks.o [1]
  .bss                   zero     0x2000'0dc4     0x4  tasks.o [1]
  .bss                   zero     0x2000'0dc8     0x4  tasks.o [1]
  .bss                   zero     0x2000'0dcc     0x4  tasks.o [1]
  .bss                   zero     0x2000'0dd0     0x4  tasks.o [1]
  .bss                   zero     0x2000'0dd4     0x4  tasks.o [1]
  .bss                   zero     0x2000'0dd8     0x4  tasks.o [1]
  .bss                   zero     0x2000'0ddc     0x4  tasks.o [1]
  .bss                   zero     0x2000'0de0     0x4  tasks.o [1]
  .bss                   zero     0x2000'0de4     0x4  tasks.o [1]
  .bss                   zero     0x2000'0de8     0x4  timers.o [1]
  .bss                   zero     0x2000'0dec     0x4  timers.o [1]
  .bss                   zero     0x2000'0df0     0x4  timers.o [1]
  .bss                   zero     0x2000'0df4     0x4  timers.o [1]
  .bss                   zero     0x2000'0df8     0x4  timers.o [1]
  .bss                   zero     0x2000'0dfc     0x4  cppinit.o [2]
  .bss                   zero     0x2000'0e00     0x4  cppinit.o [2]
  .bss                   zero     0x2000'0e04     0x1  port.o [1]
                                - 0x2000'0e05   0xdf5

"P2", part 3 of 3:                              0x290
  .iar.dynexit                    0x2000'0e08   0x18c  <Block>
    .iar.dynexit         uninit   0x2000'0e08     0xc  cppinit.o [2]
    .iar.dynexit         uninit   0x2000'0e14   0x180  <Block tail>
  CSTACK                          0x2000'0f98   0x100  <Block>
    CSTACK               uninit   0x2000'0f98   0x100  <Block tail>
                                - 0x2000'1098   0x290

Unused ranges:

         From           To      Size
         ----           --      ----
   0x800'2294   0x807'ffff  0x7'dd6c
  0x2000'1098  0x2001'ffff  0x1'ef68


*******************************************************************************
*** INIT TABLE
***

          Address      Size
          -------      ----
Zero (__iar_zero_init3)
    1 destination range, total size 0xdf5:
          0x2000'0010  0xdf5

Copy (__iar_copy_init3)
    1 source range, total size 0x10:
           0x800'21b8   0x10
    1 destination range, total size 0x10:
          0x2000'0000   0x10

Extra (__iar_cstart_call_ctors)



*******************************************************************************
*** MODULE SUMMARY
***

    Module               ro code  ro data  rw data
    ------               -------  -------  -------
command line/config:
    ----------------------------------------------
    Total:

C:\Users\User\Desktop\RtosWrapper\Debug\Obj: [1]
    ButtonTask.o             146       20
    LEDTask.o                166       12
    Led3Task.o                34
    event_groups.o           428
    irqcontroller.o            2
    list.o                   152
    main.o                   730       80    1'284
    port.o                   388        8        9
    portasm.o                168
    queue.o                1'550                64
    startupF411RE.o           50      408
    tasks.o                2'240        8    1'932
    timers.o                 948       16      292
    ----------------------------------------------
    Total:                 7'002      552    3'581

dl7M_tln.a: [2]
    cppinit.o                160                20
    exit.o                     4
    ----------------------------------------------
    Total:                   164                20

dlpp7M_tl_nc.a: [3]
    cxxabi.o                  10
    ----------------------------------------------
    Total:                    10

m7M_tls.a: [4]
    fpinit_M.o                34
    ----------------------------------------------
    Total:                    34

rt7M_tl.a: [5]
    ABImemcpy.o              166
    I64DivMod.o              628
    I64DivZer.o                2
    cexit.o                   14
    cmain.o                   30
    cmain_call_ctors.o        32
    copy_init3.o              46
    cstart_call_dtors.o
    data_init.o               40
    zero_init3.o              58
    ----------------------------------------------
    Total:                 1'016

shb_l.a: [6]
    exit.o                    20
    unwind_debug.o                      1
    ----------------------------------------------
    Total:                    20        1

    Gaps                      11        2
    Linker created                     40      640
--------------------------------------------------
    Grand Total:           8'257      595    4'241


*******************************************************************************
*** ENTRY LIST
***

Entry                       Address   Size  Type      Object
-----                       -------   ----  ----      ------
.iar.dynexit$$Base      0x2000'0e08          --   Gb  - Linker created -
.iar.dynexit$$Limit     0x2000'0f94          --   Gb  - Linker created -
.iar.init_table$$Base    0x800'20c8          --   Gb  - Linker created -
.iar.init_table$$Limit   0x800'20f0          --   Gb  - Linker created -
?main                    0x800'2111         Code  Gb  cmain.o [5]
Button<GPIOC, (int)13>::IsPressed()
                         0x800'2175   0x14  Code  Gb  main.o [1]
ButtonTask::ButtonTask(IButton &, OsWrapper::Event &)
                         0x800'1d51   0x1e  Code  Gb  ButtonTask.o [1]
ButtonTask::Execute()    0x800'1d6f   0x2a  Code  Gb  ButtonTask.o [1]
CSTACK$$Base            0x2000'0f98          --   Gb  - Linker created -
CSTACK$$Limit           0x2000'1098          --   Gb  - Linker created -
DtorRecArray            0x2000'0e08    0xc  Data  Lc  cppinit.o [2]
DummyModule::handler()   0x800'2195    0x2  Code  Gb  startupF411RE.o [1]
IrqController::HandleIrqExtiLine15_10()
                         0x800'1a63    0x2  Code  Gb  irqcontroller.o [1]
Led<GPIOC, (int)8>::Toggle()
                         0x800'2229    0xc  Code  Gb  main.o [1]
LedTask::Execute()       0x800'1d2d   0x24  Code  Gb  LEDTask.o [1]
LedTask::LedTask(ILed &, std::chrono::duration<long long, std::ratio<(long long)1, (long long)1000>>, OsWrapper::Event &)
                         0x800'1cf9   0x30  Code  Gb  LEDTask.o [1]
OsWrapper::Event::Event(std::chrono::duration<long long, std::ratio<(long long)1, (long long)1000>>, unsigned int)
                         0x800'1cc1   0x2c  Code  Gb  main.o [1]
OsWrapper::Event::Signal()
                         0x800'1f6f    0xa  Code  Gb  ButtonTask.o [1]
OsWrapper::Event::Wait(OsWrapper::EventMode, unsigned int) const
                         0x800'1f61    0xe  Code  Gb  LEDTask.o [1]
OsWrapper::Event::~Event()
                         0x800'21c9    0xe  Code  Gb  main.o [1]
OsWrapper::IThread::IThread()
                         0x800'2071    0xa  Code  Gb  LEDTask.o [1]
OsWrapper::IThread::IThread() [subobject]
                         0x800'2069    0x8  Code  Gb  LEDTask.o [1]
OsWrapper::IThread::Run()
                         0x800'2159   0x14  Code  Gb  main.o [1]
OsWrapper::IThread::Sleep(std::chrono::duration<long long, std::ratio<(long long)1, (long long)1000>>)
                         0x800'1f79   0x1a  Code  Gb  Led3Task.o [1]
OsWrapper::Rtos::HandleSvcInterrupt()
                         0x800'2281    0x8  Code  Gb  startupF411RE.o [1]
OsWrapper::Rtos::HandleSysTickInterrupt()
                         0x800'2289    0x8  Code  Gb  startupF411RE.o [1]
OsWrapper::Rtos::Run(void *)
                         0x800'2269    0x8  Code  Gb  main.o [1]
OsWrapper::Rtos::Start()
                         0x800'1e89    0x8  Code  Gb  main.o [1]
OsWrapper::RtosWrapper::wCreateEvent(xSTATIC_EVENT_GROUP &)
                         0x800'1eb1    0x8  Code  Gb  main.o [1]
OsWrapper::RtosWrapper::wDeleteEvent(void *&)
                         0x800'21d7    0xa  Code  Gb  main.o [1]
OsWrapper::RtosWrapper::wGetTicks()
                         0x800'216d    0x8  Code  Gb  main.o [1]
OsWrapper::RtosWrapper::wHandleSvcInterrupt()
                         0x800'2271    0x8  Code  Gb  startupF411RE.o [1]
OsWrapper::RtosWrapper::wHandleSysTickInterrupt()
                         0x800'2279    0x8  Code  Gb  startupF411RE.o [1]
OsWrapper::RtosWrapper::wSignalEvent(void *const &, unsigned int)
                         0x800'2029   0x38  Code  Gb  ButtonTask.o [1]
OsWrapper::RtosWrapper::wSleep(unsigned int)
                         0x800'2061    0x8  Code  Gb  Led3Task.o [1]
OsWrapper::RtosWrapper::wStart()
                         0x800'1fed    0x8  Code  Gb  main.o [1]
OsWrapper::RtosWrapper::wWaitEvent(void *const &, unsigned int, unsigned int, OsWrapper::EventMode)
                         0x800'200f   0x18  Code  Gb  LEDTask.o [1]
OsWrapper::Thread<(unsigned int)128>::Thread()
                         0x800'2001    0xe  Code  Gb  LEDTask.o [1]
OsWrapper::Thread<(unsigned int)128>::Thread() [subobject]
                         0x800'1f59    0x8  Code  Gb  LEDTask.o [1]
Region$$Table$$Base      0x800'20c8          --   Gb  - Linker created -
Region$$Table$$Limit     0x800'20f0          --   Gb  - Linker created -
SHT$$INIT_ARRAY$$Base    0x800'2290          --   Gb  - Linker created -
SHT$$INIT_ARRAY$$Limit   0x800'2294          --   Gb  - Linker created -
SHT$$PREINIT_ARRAY$$Base
                         0x800'2290          --   Gb  - Linker created -
SHT$$PREINIT_ARRAY$$Limit
                         0x800'2290          --   Gb  - Linker created -
SystemCoreClock         0x2000'0000    0x4  Data  Gb  main.o [1]
Virtual function table for Button<GPIOC, (int)13>
                         0x800'2204    0xc  Data  Gb  main.o [1]
Virtual function table for ButtonTask
                         0x800'21e0    0xc  Data  Gb  ButtonTask.o [1]
Virtual function table for Led<GPIOC, (int)8>
                         0x800'21f8    0xc  Data  Gb  main.o [1]
Virtual function table for LedTask
                         0x800'21ec    0xc  Data  Gb  LEDTask.o [1]
__aeabi_atexit           0x800'1ced    0xa  Code  Gb  cxxabi.o [3]
__aeabi_ldiv0            0x800'1a61         Code  Gb  I64DivZer.o [5]
__aeabi_ldivmod          0x800'17ed         Code  Gb  I64DivMod.o [5]
__aeabi_memcpy           0x800'1719         Code  Gb  ABImemcpy.o [5]
__aeabi_memcpy4          0x800'1739         Code  Gb  ABImemcpy.o [5]
__aeabi_memcpy8          0x800'1739         Code  Gb  ABImemcpy.o [5]
__aeabi_uldivmod         0x800'1831         Code  Gb  I64DivMod.o [5]
__call_ctors             0x800'1eb9   0x18  Code  Gb  cppinit.o [2]
__call_dtors             0x800'1f07    0xc  Code  Gb  cppinit.o [2]
__call_dtors0            0x800'1f13   0x36  Code  Gb  cppinit.o [2]
__cexit_call_dtors       0x800'2137         Code  Gb  cexit.o [5]
__cmain                  0x800'2111         Code  Gb  cmain.o [5]
__cstart_call_dtors      0x800'2294         Data  Gb  cstart_call_dtors.o [5]
__cxa_atexit             0x800'1ed1   0x36  Code  Gb  cppinit.o [2]
__dso_handle            0x2000'0e00    0x4  Data  Gb  cppinit.o [2]
__exit                   0x800'2145   0x14  Code  Gb  exit.o [6]
__iar_copy_init3         0x800'17bf   0x2e  Code  Gb  copy_init3.o [5]
__iar_cstart_call_ctors
                         0x800'20f1   0x20  Code  Gb  cmain_call_ctors.o [5]
__iar_data_init3         0x800'207d   0x28  Code  Gb  data_init.o [5]
__iar_debug_exceptions   0x800'1cf6    0x1  Data  Gb  unwind_debug.o [6]
__iar_init_vfp           0x800'20a5         Code  Gb  fpinit_M.o [4]
__iar_program_start      0x800'2197   0x10  Code  Gb  startupF411RE.o [1]
__iar_tls$$INIT_ARRAY$$Base
                         0x800'2294          --   Gb  - Linker created -
__iar_tls$$INIT_ARRAY$$Limit
                         0x800'2294          --   Gb  - Linker created -
__iar_zero_init3         0x800'16df   0x3a  Code  Gb  zero_init3.o [5]
__low_level_init         0x800'1c49   0x2e  Code  Gb  main.o [1]
__sti__routine           0x800'1c11   0x38  Code  Lc  main.o [1]
__vector_table           0x800'0000  0x198  Data  Gb  startupF411RE.o [1]
_call_main               0x800'211d         Code  Gb  cmain.o [5]
_exit                    0x800'2135         Code  Gb  cexit.o [5]
_main                    0x800'212b         Code  Gb  cmain.o [5]
bool FieldValueBase<RCC_CFGR_SWS_Values<RCC::CFGR, (unsigned int)2, (unsigned int)2, ReadMode, RCC::RCCCFGRBase>, RCC::RCCCFGRBase, (unsigned int)0>::IsSet<ReadMode, void>()
                         0x800'1dd9   0x18  Code  Gb  main.o [1]
bool FieldValueBase<RCC_CR_HSIRDY_Values<RCC::CR, (unsigned int)1, (unsigned int)1, ReadMode, RCC::RCCCRBase>, RCC::RCCCRBase, (unsigned int)0>::IsSet<ReadMode, void>()
                         0x800'1db1   0x18  Code  Gb  main.o [1]
button                  0x2000'0008    0x4  Data  Gb  main.o [1]
buttonTask              0x2000'0680  0x264  Data  Gb  main.o [1]
event                   0x2000'0d10   0x24  Data  Gb  main.o [1]
exit                     0x800'212f    0x4  Code  Gb  exit.o [2]
led3                    0x2000'0004    0x4  Data  Gb  main.o [1]
led3task                0x2000'0410  0x270  Data  Gb  main.o [1]
main                     0x800'1c77   0x1e  Code  Gb  main.o [1]
next_abi_dtor_rec       0x2000'0dfc    0x4  Data  Lc  cppinit.o [2]
pcInterruptPriorityRegisters
                         0x800'2234    0x4  Data  Lc  port.o [1]
prvAddCurrentTaskToDelayedList
                         0x800'0981   0x6e  Code  Lc  tasks.o [1]
prvAddNewTaskToReadyList
                         0x800'0261   0x9a  Code  Lc  tasks.o [1]
prvCheckForValidListAndQueue
                         0x800'0f8b   0x4c  Code  Lc  timers.o [1]
prvCheckForValidListAndQueue{1}{2}{3}{4}::ucStaticTimerQueueStorage
                        0x2000'0ae4   0xa0  Data  Lc  timers.o [1]
prvCheckForValidListAndQueue{1}{2}{3}{4}::xStaticTimerQueue
                        0x2000'0c88   0x48  Data  Lc  timers.o [1]
prvCheckTasksWaitingTermination
                         0x800'07d3    0x2  Code  Lc  tasks.o [1]
prvCopyDataFromQueue     0x800'1597   0x2a  Code  Lc  queue.o [1]
prvCopyDataToQueue       0x800'1511   0x86  Code  Lc  queue.o [1]
prvGetNextExpireTime     0x800'0de9   0x26  Code  Lc  timers.o [1]
prvIdleTask              0x800'077d    0x8  Code  Lc  tasks.o [1]
prvInitialiseNewQueue    0x800'1187   0x1c  Code  Lc  queue.o [1]
prvInitialiseNewTask     0x800'01cf   0x92  Code  Lc  tasks.o [1]
prvInitialiseTaskLists   0x800'0785   0x4e  Code  Lc  tasks.o [1]
prvInsertTimerInActiveList
                         0x800'0e35   0x3e  Code  Lc  timers.o [1]
prvIsQueueEmpty          0x800'162f   0x1c  Code  Lc  queue.o [1]
prvIsQueueFull           0x800'164b   0x1e  Code  Lc  queue.o [1]
prvProcessExpiredTimer   0x800'0d1b   0x46  Code  Lc  timers.o [1]
prvProcessReceivedCommands
                         0x800'0e73   0xba  Code  Lc  timers.o [1]
prvProcessTimerOrBlockTask
                         0x800'0d79   0x70  Code  Lc  timers.o [1]
prvResetNextTaskUnblockTime
                         0x800'07d5   0x28  Code  Lc  tasks.o [1]
prvSampleTimeNow         0x800'0e0f   0x26  Code  Lc  timers.o [1]
prvSampleTimeNow::xLastTime
                        0x2000'0df8    0x4  Data  Lc  timers.o [1]
prvSwitchTimerLists      0x800'0f2d   0x5e  Code  Lc  timers.o [1]
prvTaskExitError         0x800'0b19   0x10  Code  Lc  port.o [1]
prvTestWaitCondition     0x800'1bf7   0x1a  Code  Lc  event_groups.o [1]
prvTimerTask             0x800'0d65   0x14  Code  Lc  timers.o [1]
prvUnlockQueue           0x800'15c1   0x6e  Code  Lc  queue.o [1]
pvTaskIncrementMutexHeldCount
                         0x800'0939   0x16  Code  Gb  tasks.o [1]
pxCurrentTCB            0x2000'0db0    0x4  Data  Gb  tasks.o [1]
pxCurrentTimerList      0x2000'0de8    0x4  Data  Lc  timers.o [1]
pxDelayedTaskList       0x2000'0db4    0x4  Data  Lc  tasks.o [1]
pxOverflowDelayedTaskList
                        0x2000'0db8    0x4  Data  Lc  tasks.o [1]
pxOverflowTimerList     0x2000'0dec    0x4  Data  Lc  timers.o [1]
pxPortInitialiseStack    0x800'0af1   0x28  Code  Gb  port.o [1]
pxReadyTasksLists       0x2000'0b84   0x64  Data  Lc  tasks.o [1]
std::array<unsigned int, (unsigned int)128>::data()
                         0x800'1f93    0x2  Code  Gb  main.o [1]
std::chrono::duration<long long, std::ratio<(long long)1, (long long)1000>>::count() const
                         0x800'1ff5    0x6  Code  Gb  main.o [1]
std::chrono::duration<unsigned int, std::ratio<(long long)10, (long long)1000>>::count() const
                         0x800'1ead    0x4  Code  Gb  main.o [1]
std::chrono::duration<unsigned int, std::ratio<(long long)10, (long long)1000>>::duration<unsigned int, void>(unsigned int const &)
                         0x800'1ffb    0x6  Code  Gb  main.o [1]
std::enable_if<std::chrono::_Is_duration<std::chrono::duration<unsigned int, std::ratio<(long long)10, (long long)1000>>>::value, std::chrono::duration<unsigned int, std::ratio<(long long)10, (long long)1000>>>::type std::chrono::duration_cast<std::chrono::duration<unsigned int, std::ratio<(long long)10, (long long)1000>>, long long, std::ratio<(long long)1, (long long)1000>>(std::chrono::duration<long long, std::ratio<(long long)1, (long long)1000>> const &)
                         0x800'1e91   0x1c  Code  Gb  main.o [1]
ucMaxSysCallPriority    0x2000'0e04    0x1  Data  Lc  port.o [1]
ulMaxPRIGROUPValue      0x2000'0dac    0x4  Data  Lc  port.o [1]
unsigned int RegisterBase<(unsigned int)1073874960, (unsigned int)32, ReadMode>::Get<ReadMode, void>()
                         0x800'2189    0xc  Code  Gb  main.o [1]
uxCriticalNesting       0x2000'000c    0x4  Data  Lc  port.o [1]
uxCurrentNumberOfTasks  0x2000'0dbc    0x4  Data  Lc  tasks.o [1]
uxListRemove             0x800'0acb   0x26  Code  Gb  list.o [1]
uxPendedTicks           0x2000'0dcc    0x4  Data  Lc  tasks.o [1]
uxSchedulerSuspended    0x2000'0de4    0x4  Data  Lc  tasks.o [1]
uxTaskNumber            0x2000'0dd8    0x4  Data  Lc  tasks.o [1]
uxTaskResetEventItemValue
                         0x800'0923   0x16  Code  Gb  tasks.o [1]
uxTopReadyPriority      0x2000'0dc4    0x4  Data  Lc  tasks.o [1]
vApplicationGetIdleTaskMemory
                         0x800'09ef    0xe  Code  Gb  tasks.o [1]
vApplicationGetIdleTaskMemory::uxIdleTaskStack
                        0x2000'08e4  0x200  Data  Lc  tasks.o [1]
vApplicationGetIdleTaskMemory::xIdleTaskTCB
                        0x2000'0be8   0x50  Data  Lc  tasks.o [1]
vApplicationGetTimerTaskMemory
                         0x800'09fd   0x10  Code  Gb  tasks.o [1]
vApplicationGetTimerTaskMemory::uxTimerTaskStack
                        0x2000'0010  0x400  Data  Lc  tasks.o [1]
vApplicationGetTimerTaskMemory::xTimerTaskTCB
                        0x2000'0c38   0x50  Data  Lc  tasks.o [1]
vEventGroupDelete        0x800'1bcf   0x20  Code  Gb  event_groups.o [1]
vEventGroupSetBitsCallback
                         0x800'1bef    0x8  Code  Gb  event_groups.o [1]
vListInitialise          0x800'0a59   0x1e  Code  Gb  list.o [1]
vListInitialiseItem      0x800'0a77    0x6  Code  Gb  list.o [1]
vListInsert              0x800'0a95   0x36  Code  Gb  list.o [1]
vListInsertEnd           0x800'0a7d   0x18  Code  Gb  list.o [1]
vPortEnableVFP           0x800'10b5         Code  Gb  portasm.o [1]
vPortEnterCritical       0x800'0bb1   0x22  Code  Gb  port.o [1]
vPortExitCritical        0x800'0bd3   0x16  Code  Gb  port.o [1]
vPortSVCHandler          0x800'1081         Code  Gb  portasm.o [1]
vPortStartFirstTask      0x800'109d         Code  Gb  portasm.o [1]
vPortValidateInterruptPriority
                         0x800'0c15   0x14  Code  Gb  port.o [1]
vQueueAddToRegistry      0x800'1669   0x24  Code  Gb  queue.o [1]
vQueueWaitForMessageRestricted
                         0x800'1695   0x4a  Code  Gb  queue.o [1]
vTaskDelay               0x800'02fb   0x38  Code  Gb  tasks.o [1]
vTaskMissedYield         0x800'0773    0xa  Code  Gb  tasks.o [1]
vTaskPlaceOnEventList    0x800'05d7   0x1a  Code  Gb  tasks.o [1]
vTaskPlaceOnEventListRestricted
                         0x800'0619   0x24  Code  Gb  tasks.o [1]
vTaskPlaceOnUnorderedEventList
                         0x800'05f1   0x28  Code  Gb  tasks.o [1]
vTaskPriorityInherit     0x800'081b   0x8a  Code  Gb  tasks.o [1]
vTaskSetTimeOutState     0x800'0707   0x12  Code  Gb  tasks.o [1]
vTaskStartScheduler      0x800'0333   0x82  Code  Gb  tasks.o [1]
vTaskSuspendAll          0x800'03b5    0xc  Code  Gb  tasks.o [1]
vTaskSwitchContext       0x800'057f   0x58  Code  Gb  tasks.o [1]
void FieldValueBase<GPIOA_MODER_MODER15_Values<GPIOA::MODER, (unsigned int)10, (unsigned int)2, ReadWriteMode, GPIOA::GPIOAMODERBase>, GPIOA::GPIOAMODERBase, (unsigned int)1>::Set<ReadWriteMode, void>()
                         0x800'1e15   0x14  Code  Gb  main.o [1]
void FieldValueBase<RCC_AHB1ENR_DMA2EN_Values<RCC::APB2ENR, (unsigned int)14, (unsigned int)1, ReadWriteMode, RCC::RCCAPB2ENRBase>, RCC::RCCAPB2ENRBase, (unsigned int)1>::Set<ReadWriteMode, void>()
                         0x800'1e05   0x10  Code  Gb  main.o [1]
void FieldValueBase<RCC_CFGR_SW_Values<RCC::CFGR, (unsigned int)0, (unsigned int)2, ReadWriteMode, RCC::RCCCFGRBase>, RCC::RCCCFGRBase, (unsigned int)0>::Set<ReadWriteMode, void>()
                         0x800'1dc9   0x10  Code  Gb  main.o [1]
void FieldValueBase<RCC_CR_HSION_Values<RCC::CR, (unsigned int)0, (unsigned int)1, ReadWriteMode, RCC::RCCCRBase>, RCC::RCCCRBase, (unsigned int)1>::Set<ReadWriteMode, void>()
                         0x800'1da1   0x10  Code  Gb  main.o [1]
void OsWrapper::Rtos::CreateThread<ButtonTask>(ButtonTask &, char const *, OsWrapper::ThreadPriority)
                         0x800'1e45   0x22  Code  Gb  main.o [1]
void OsWrapper::Rtos::CreateThread<LedTask>(LedTask &, char const *, OsWrapper::ThreadPriority)
                         0x800'1e67   0x22  Code  Gb  main.o [1]
void OsWrapper::RtosWrapper::wCreateThread<OsWrapper::Rtos, ButtonTask>(ButtonTask &, char const *, OsWrapper::ThreadPriority, unsigned short, unsigned int *)
                         0x800'1f95   0x2c  Code  Gb  main.o [1]
void OsWrapper::RtosWrapper::wCreateThread<OsWrapper::Rtos, LedTask>(LedTask &, char const *, OsWrapper::ThreadPriority, unsigned short, unsigned int *)
                         0x800'1fc1   0x2c  Code  Gb  main.o [1]
void Register<(unsigned int)1073874944, (unsigned int)32, ReadWriteMode, GPIOC::GPIOCMODERBase, FieldValue<GPIOC_MODER_MODER15_Values<GPIOC::MODER, (unsigned int)10, (unsigned int)2, ReadWriteMode, GPIOC::GPIOCMODERBase>, GPIOC::GPIOCMODERBase, (unsigned int)1, void>, FieldValue<GPIOC_MODER_MODER15_Values<GPIOC::MODER, (unsigned int)16, (unsigned int)2, ReadWriteMode, GPIOC::GPIOCMODERBase>, GPIOC::GPIOCMODERBase, (unsigned int)1, void>, FieldValue<GPIOC_MODER_MODER15_Values<GPIOC::MODER, (unsigned int)18, (unsigned int)2, ReadWriteMode, GPIOC::GPIOCMODERBase>, GPIOC::GPIOCMODERBase, (unsigned int)1, void>>::Set<ReadWriteMode, void>()
                         0x800'1e29   0x1c  Code  Gb  main.o [1]
void Register<(unsigned int)1073887280, (unsigned int)32, ReadWriteMode, RCC::RCCAHB1ENRBase, FieldValue<RCC_AHB1ENR_GPIOCEN_Values<RCC::AHB1ENR, (unsigned int)2, (unsigned int)1, ReadWriteMode, RCC::RCCAHB1ENRBase>, RCC::RCCAHB1ENRBase, (unsigned int)1, void>, FieldValue<RCC_AHB1ENR_GPIOAEN_Values<RCC::AHB1ENR, (unsigned int)0, (unsigned int)1, ReadWriteMode, RCC::RCCAHB1ENRBase>, RCC::RCCAHB1ENRBase, (unsigned int)1, void>>::Set<ReadWriteMode, void>()
                         0x800'1df1   0x14  Code  Gb  main.o [1]
void RegisterBase<(unsigned int)1073874964, (unsigned int)32, ReadWriteMode>::Toggle<ReadWriteMode, void>(unsigned int)
                         0x800'21a9   0x10  Code  Gb  main.o [1]
xActiveTimerList1       0x2000'0d84   0x14  Data  Lc  timers.o [1]
xActiveTimerList2       0x2000'0d98   0x14  Data  Lc  timers.o [1]
xDelayedTaskList1       0x2000'0d34   0x14  Data  Lc  tasks.o [1]
xDelayedTaskList2       0x2000'0d48   0x14  Data  Lc  tasks.o [1]
xEventGroupCreateStatic
                         0x800'1a65   0x16  Code  Gb  event_groups.o [1]
xEventGroupSetBits       0x800'1b4d   0x82  Code  Gb  event_groups.o [1]
xEventGroupWaitBits      0x800'1a7b   0xce  Code  Gb  event_groups.o [1]
xIdleTaskHandle         0x2000'0de0    0x4  Data  Lc  tasks.o [1]
xNextTaskUnblockTime    0x2000'0ddc    0x4  Data  Lc  tasks.o [1]
xNumOfOverflows         0x2000'0dd4    0x4  Data  Lc  tasks.o [1]
xPendingReadyList       0x2000'0d5c   0x14  Data  Lc  tasks.o [1]
xPortPendSVHandler       0x800'1029         Code  Gb  portasm.o [1]
xPortStartScheduler      0x800'0b29   0x88  Code  Gb  port.o [1]
xPortSysTickHandler      0x800'0be9   0x28  Code  Gb  port.o [1]
xQueueGenericCreateStatic
                         0x800'114f   0x38  Code  Gb  queue.o [1]
xQueueGenericReceive     0x800'1383  0x18e  Code  Gb  queue.o [1]
xQueueGenericReset       0x800'10d1   0x7e  Code  Gb  queue.o [1]
xQueueGenericSend        0x800'11a3  0x142  Code  Gb  queue.o [1]
xQueueGenericSendFromISR
                         0x800'12e5   0x9e  Code  Gb  queue.o [1]
xQueueRegistry          0x2000'0cd0   0x40  Data  Gb  queue.o [1]
xSchedulerRunning       0x2000'0dc8    0x4  Data  Lc  tasks.o [1]
xSuspendedTaskList      0x2000'0d70   0x14  Data  Lc  tasks.o [1]
xTaskCheckForTimeOut     0x800'0719   0x5a  Code  Gb  tasks.o [1]
xTaskCreateStatic        0x800'0199   0x36  Code  Gb  tasks.o [1]
xTaskGetSchedulerState   0x800'07fd   0x1e  Code  Gb  tasks.o [1]
xTaskGetTickCount        0x800'0491    0x8  Code  Gb  tasks.o [1]
xTaskIncrementTick       0x800'0499   0xe6  Code  Gb  tasks.o [1]
xTaskPriorityDisinherit
                         0x800'08a5   0x7e  Code  Gb  tasks.o [1]
xTaskRemoveFromEventList
                         0x800'063d   0x6e  Code  Gb  tasks.o [1]
xTaskRemoveFromUnorderedEventList
                         0x800'06ab   0x5c  Code  Gb  tasks.o [1]
xTaskResumeAll           0x800'03c1   0xd0  Code  Gb  tasks.o [1]
xTickCount              0x2000'0dc0    0x4  Data  Lc  tasks.o [1]
xTimerCreateTimerTask    0x800'0c75   0x56  Code  Gb  timers.o [1]
xTimerGenericCommand     0x800'0ccb   0x50  Code  Gb  timers.o [1]
xTimerPendFunctionCallFromISR
                         0x800'0fd7   0x22  Code  Gb  timers.o [1]
xTimerQueue             0x2000'0df0    0x4  Data  Lc  timers.o [1]
xTimerTaskHandle        0x2000'0df4    0x4  Data  Lc  timers.o [1]
xYieldPending           0x2000'0dd0    0x4  Data  Lc  tasks.o [1]


[1] = C:\Users\User\Desktop\RtosWrapper\Debug\Obj
[2] = dl7M_tln.a
[3] = dlpp7M_tl_nc.a
[4] = m7M_tls.a
[5] = rt7M_tl.a
[6] = shb_l.a

  8'257 bytes of readonly  code memory
    595 bytes of readonly  data memory
  4'241 bytes of readwrite data memory

Errors: none
Warnings: none
