###############################################################################
#
# IAR ANSI C/C++ Compiler V8.40.2.214/W32 for ARM         11/Mar/2021  10:11:09
# Copyright 1999-2019 IAR Systems AB.
#
#    Cpu mode     =  
#    Endian       =  little
#    Source file  =  C:\Users\User\Desktop\RtosWrapper\main.cpp
#    Command line =
#        -f C:\Users\User\AppData\Local\Temp\EW5BE0.tmp
#        (C:\Users\User\Desktop\RtosWrapper\main.cpp -lC
#        C:\Users\User\Desktop\RtosWrapper\Debug\List -lA
#        C:\Users\User\Desktop\RtosWrapper\Debug\List -o
#        C:\Users\User\Desktop\RtosWrapper\Debug\Obj --no_cse --no_unroll
#        --no_inline --no_code_motion --no_tbaa --no_clustering --no_scheduling
#        --debug --endian=little --cpu=Cortex-M4 -e --fpu=VFPv4_sp
#        --dlib_config "C:\Program Files (x86)\IAR Systems\Embedded Workbench
#        8.3\arm\inc\c\DLib_Config_Normal.h" -I
#        C:\Users\User\Desktop\RtosWrapper\Rtos\ -I
#        C:\Users\User\Desktop\RtosWrapper\Rtos\wrapper\ -I
#        C:\Users\User\Desktop\RtosWrapper\Rtos\wrapper\FreeRtos\ -I
#        C:\Users\User\Desktop\RtosWrapper\Rtos\FreeRtos\ -I
#        C:\Users\User\Desktop\RtosWrapper\Rtos\FreeRtos\include\ -I
#        C:\Users\User\Desktop\RtosWrapper\Rtos\FreeRtos\portable\ -I
#        C:\Users\User\Desktop\RtosWrapper\Rtos\FreeRtos\portable\Common\ -I
#        C:\Users\User\Desktop\RtosWrapper\Rtos\FreeRtos\portable\IAR\ -I
#        C:\Users\User\Desktop\RtosWrapper\Rtos\FreeRtos\portable\IAR\ARM_CM4F\
#        -I C:\Users\User\Desktop\RtosWrapper\Rtos\FreeRtos\portable\MemMang\
#        -I C:\Users\User\Desktop\RtosWrapper\MyTasks\ -I
#        C:\Users\User\Desktop\RtosWrapper\Common\ -I
#        C:\Users\User\Desktop\RtosWrapper\CMSIS\ -I
#        C:\Users\User\Desktop\RtosWrapper\Application\ -I
#        C:\Users\User\Desktop\RtosWrapper\Application\Diagnostic\ -I
#        C:\Users\User\Desktop\RtosWrapper\AHardware\ -I
#        C:\Users\User\Desktop\RtosWrapper\AHardware\GpioPort\ -I
#        C:\Users\User\Desktop\RtosWrapper\AHardware\IrqController\ -I
#        C:\Users\User\Desktop\RtosWrapper\..\CortexLib\AbstractHardware\Pin\
#        -I
#        C:\Users\User\Desktop\RtosWrapper\..\CortexLib\AbstractHardware\Registers\STM32F411\FieldValues\
#        -I
#        C:\Users\User\Desktop\RtosWrapper\..\CortexLib\AbstractHardware\Registers\STM32F411\
#        -I
#        C:\Users\User\Desktop\RtosWrapper\..\CortexLib\AbstractHardware\Registers\
#        -I
#        C:\Users\User\Desktop\RtosWrapper\..\CortexLib\AbstractHardware\Port\
#        -I
#        C:\Users\User\Desktop\RtosWrapper\..\CortexLib\AbstractHardware\Atomic\
#        -I C:\Users\User\Desktop\RtosWrapper\..\CortexLib\Common\ -I
#        C:\Users\User\Desktop\RtosWrapper\..\CortexLib\Common\Singleton\ -I
#        C:\Users\User\Desktop\RtosWrapper\..\CortexLib\Common\RomObject\ -I
#        C:\Users\User\Desktop\RtosWrapper\AHardware\STM32F411\FieldValues\ -I
#        C:\Users\User\Desktop\RtosWrapper\AHardware\CortexM4\ -I
#        C:\Users\User\Desktop\RtosWrapper\AHardware\CortexM4\FieldValues\ -I
#        C:\Users\User\Desktop\RtosWrapper\AHardware\CortexM4\ -I
#        C:\Users\User\Desktop\RtosWrapper\AHardware\STM32F411\ -Ol --c++
#        --no_exceptions --no_rtti)
#    Locale       =  C
#    List file    =  C:\Users\User\Desktop\RtosWrapper\Debug\List\main.lst
#    Object file  =  C:\Users\User\Desktop\RtosWrapper\Debug\Obj\main.o
#
###############################################################################

C:\Users\User\Desktop\RtosWrapper\main.cpp
      1          #include "Led1task.hpp"     // for Led1Task

   \                                 In section .text, align 2
   \   __interwork __vfp uint32_t *std::array<uint32_t, 128U>::data()
   \                     _ZNSt5arrayIjLj128EE4dataEv: (+1)
   \        0x0   0x4770             BX       LR               ;; return

   \                                 In section .text, align 2
   \   __interwork __vfp OsWrapper::TicksPerSecond std::chrono::duration_cast<OsWrapper::TicksPerSecond, __int64_t, std::milli>(std::chrono::duration<__int64_t, std::milli> const &)
   \                     _ZNSt6chrono13duration_castINS_8durationIjSt5ratioILx10ELx1000EEEExS2_ILx1ELx1000EEEENSt9enable_ifIXsr3std6chrono12_Is_durationIT_EE5valueES7_E4typeERKNS1_IT0_T1_EE: (+1)
   \        0x0   0xB5E0             PUSH     {R5-R7,LR}
   \        0x2   0x....'....        BL       _ZNKSt6chrono8durationIxSt5ratioILx1ELx1000EEE5countEv
   \        0x6   0x220A             MOVS     R2,#+10
   \        0x8   0x2300             MOVS     R3,#+0
   \        0xA   0x....'....        BL       __aeabi_ldivmod
   \        0xE   0x9001             STR      R0,[SP, #+4]
   \       0x10   0xA901             ADD      R1,SP,#+4
   \       0x12   0x4668             MOV      R0,SP
   \       0x14   0x....'....        BL       _ZNSt6chrono8durationIjSt5ratioILx10ELx1000EEEC1IjvEERKT_
   \       0x18   0x9800             LDR      R0,[SP, #+0]
   \       0x1A   0xBD0E             POP      {R1-R3,PC}       ;; return

   \                                 In section .text, align 2
   \   __code __interwork __vfp std::chrono::duration<uint32_t, std::ratio<10LL, 1000LL>>::duration<uint32_t, void>(uint32_t const &)
   \                     _ZNSt6chrono8durationIjSt5ratioILx10ELx1000EEEC1IjvEERKT_: (+1)
   \        0x0   0x6809             LDR      R1,[R1, #+0]
   \        0x2   0x6001             STR      R1,[R0, #+0]
   \        0x4   0x4770             BX       LR               ;; return

   \                                 In section .text, align 2
   \   __interwork __vfp __int64_t std::chrono::duration<__int64_t, std::milli>::count() const
   \                     _ZNKSt6chrono8durationIxSt5ratioILx1ELx1000EEE5countEv: (+1)
   \        0x0   0xE9D0 0x0100      LDRD     R0,R1,[R0, #+0]
   \        0x4   0x4770             BX       LR               ;; return

   \                                 In section .text, align 2
   \   __interwork __vfp uint32_t std::chrono::duration<uint32_t, std::ratio<10LL, 1000LL>>::count() const
   \                     _ZNKSt6chrono8durationIjSt5ratioILx10ELx1000EEE5countEv: (+1)
   \        0x0   0x6800             LDR      R0,[R0, #+0]
   \        0x2   0x4770             BX       LR               ;; return

   \                                 In section .rodata, align 1
   \   __absolute bool const std::chrono::system_clock::is_steady
   \                     _ZNSt6chrono12system_clock9is_steadyE:
   \        0x0   0x00               DC8 0

   \                                 In section .rodata, align 1
   \   __absolute bool const std::chrono::system_clock::is_monotonic
   \                     _ZNSt6chrono12system_clock12is_monotonicE:
   \        0x0   0x00               DC8 0

   \                                 In section .rodata, align 1
   \   __absolute bool const std::chrono::steady_clock::is_steady
   \                     _ZNSt6chrono12steady_clock9is_steadyE:
   \        0x0   0x01               DC8 1

   \                                 In section .text, align 4
   \   __interwork __vfp void OsWrapper::RtosWrapper::wCreateThread<OsWrapper::Rtos, ButtonTask>(ButtonTask &, char const *, OsWrapper::ThreadPriority, uint16_t, uint32_t *)
   \                     _ZN9OsWrapper11RtosWrapper13wCreateThreadINS_4RtosE10ButtonTaskEEvRT0_PKcNS_14ThreadPriorityEtPj: (+1)
   \        0x0   0xB53E             PUSH     {R1-R5,LR}
   \        0x2   0x0005             MOVS     R5,R0
   \        0x4   0x001C             MOVS     R4,R3
   \        0x6   0x9806             LDR      R0,[SP, #+24]
   \        0x8   0x2800             CMP      R0,#+0
   \        0xA   0xD00B             BEQ.N    ??wCreateThread_2
   \        0xC   0x1D2B             ADDS     R3,R5,#+4
   \        0xE   0x9302             STR      R3,[SP, #+8]
   \       0x10   0x9001             STR      R0,[SP, #+4]
   \       0x12   0xB2D2             UXTB     R2,R2            ;; ZeroExt  R2,R2,#+24,#+24
   \       0x14   0x9200             STR      R2,[SP, #+0]
   \       0x16   0x002B             MOVS     R3,R5
   \       0x18   0xB2A4             UXTH     R4,R4            ;; ZeroExt  R4,R4,#+16,#+16
   \       0x1A   0x0022             MOVS     R2,R4
   \       0x1C   0x4802             LDR.N    R0,??wCreateThread_0
   \       0x1E   0x....'....        BL       xTaskCreateStatic
   \       0x22   0x6568             STR      R0,[R5, #+84]
   \                     ??wCreateThread_2: (+1)
   \       0x24   0xBD37             POP      {R0-R2,R4,R5,PC}  ;; return
   \       0x26   0xBF00             Nop      
   \                     ??wCreateThread_0:
   \       0x28   0x....'....        DC32     _ZN9OsWrapper4Rtos3RunEPv

   \                                 In section .text, align 4
   \   __interwork __vfp void OsWrapper::RtosWrapper::wCreateThread<OsWrapper::Rtos, LedTask>(LedTask &, char const *, OsWrapper::ThreadPriority, uint16_t, uint32_t *)
   \                     _ZN9OsWrapper11RtosWrapper13wCreateThreadINS_4RtosE7LedTaskEEvRT0_PKcNS_14ThreadPriorityEtPj: (+1)
   \        0x0   0xB53E             PUSH     {R1-R5,LR}
   \        0x2   0x0005             MOVS     R5,R0
   \        0x4   0x001C             MOVS     R4,R3
   \        0x6   0x9806             LDR      R0,[SP, #+24]
   \        0x8   0x2800             CMP      R0,#+0
   \        0xA   0xD00B             BEQ.N    ??wCreateThread_3
   \        0xC   0x1D2B             ADDS     R3,R5,#+4
   \        0xE   0x9302             STR      R3,[SP, #+8]
   \       0x10   0x9001             STR      R0,[SP, #+4]
   \       0x12   0xB2D2             UXTB     R2,R2            ;; ZeroExt  R2,R2,#+24,#+24
   \       0x14   0x9200             STR      R2,[SP, #+0]
   \       0x16   0x002B             MOVS     R3,R5
   \       0x18   0xB2A4             UXTH     R4,R4            ;; ZeroExt  R4,R4,#+16,#+16
   \       0x1A   0x0022             MOVS     R2,R4
   \       0x1C   0x4802             LDR.N    R0,??wCreateThread_1
   \       0x1E   0x....'....        BL       xTaskCreateStatic
   \       0x22   0x6568             STR      R0,[R5, #+84]
   \                     ??wCreateThread_3: (+1)
   \       0x24   0xBD37             POP      {R0-R2,R4,R5,PC}  ;; return
   \       0x26   0xBF00             Nop      
   \                     ??wCreateThread_1:
   \       0x28   0x....'....        DC32     _ZN9OsWrapper4Rtos3RunEPv

   \                                 In section .text, align 2
   \   __interwork __vfp void OsWrapper::RtosWrapper::wStart()
   \                     _ZN9OsWrapper11RtosWrapper6wStartEv: (+1)
   \        0x0   0xB580             PUSH     {R7,LR}
   \        0x2   0x....'....        BL       vTaskStartScheduler
   \        0x6   0xBD01             POP      {R0,PC}          ;; return

   \                                 In section .text, align 2
   \   __interwork __vfp void * OsWrapper::RtosWrapper::wCreateEvent(OsWrapper::tEvent &)
   \                     _ZN9OsWrapper11RtosWrapper12wCreateEventER19xSTATIC_EVENT_GROUP: (+1)
   \        0x0   0xB580             PUSH     {R7,LR}
   \        0x2   0x....'....        BL       xEventGroupCreateStatic
   \        0x6   0xBD02             POP      {R1,PC}          ;; return

   \                                 In section .text, align 2
   \   __interwork __vfp void OsWrapper::RtosWrapper::wDeleteEvent(void * &)
   \                     _ZN9OsWrapper11RtosWrapper12wDeleteEventERPv: (+1)
   \        0x0   0xB580             PUSH     {R7,LR}
   \        0x2   0x6800             LDR      R0,[R0, #+0]
   \        0x4   0x....'....        BL       vEventGroupDelete
   \        0x8   0xBD01             POP      {R0,PC}          ;; return

   \                                 In section .text, align 2
   \   __interwork __vfp uint32_t OsWrapper::RtosWrapper::wGetTicks()
   \                     _ZN9OsWrapper11RtosWrapper9wGetTicksEv: (+1)
   \        0x0   0xB580             PUSH     {R7,LR}
   \        0x2   0x....'....        BL       xTaskGetTickCount
   \        0x6   0xBD02             POP      {R1,PC}          ;; return

   \                                 In section .text, align 2
   \   __interwork __vfp void OsWrapper::IThread::Run()
   \                     _ZN9OsWrapper7IThread3RunEv: (+1)
   \        0x0   0xB510             PUSH     {R4,LR}
   \        0x2   0x0004             MOVS     R4,R0
   \        0x4   0x....'....        BL       _ZN9OsWrapper11RtosWrapper9wGetTicksEv
   \        0x8   0x65A0             STR      R0,[R4, #+88]
   \        0xA   0x0020             MOVS     R0,R4
   \        0xC   0x6821             LDR      R1,[R4, #+0]
   \        0xE   0x6809             LDR      R1,[R1, #+0]
   \       0x10   0x4788             BLX      R1
   \       0x12   0xBD10             POP      {R4,PC}          ;; return
      2          #include "rccregisters.hpp" // for RCC

   \                                 In section .text, align 4
   \   __interwork __vfp void FieldValueBase<RCC_CR_HSION_Values<RCC::CR, 0U, 1U, ReadWriteMode, RCC::RCCCRBase>, RCC::RCCCRBase, 1U>::Set<ReadWriteMode, void>()
   \                     _ZN14FieldValueBaseI19RCC_CR_HSION_ValuesIN3RCC2CRELj0ELj1E13ReadWriteModeNS1_9RCCCRBaseEES4_Lj1EE3SetIS3_vEEvv: (+1)
   \        0x0   0x4902             LDR.N    R1,??Set_0       ;; 0x40023800
   \        0x2   0x6808             LDR      R0,[R1, #+0]
   \        0x4   0xF050 0x0001      ORRS     R0,R0,#0x1
   \        0x8   0x6008             STR      R0,[R1, #+0]
   \        0xA   0x4770             BX       LR               ;; return
   \                     ??Set_0:
   \        0xC   0x4002'3800        DC32     0x40023800

   \                                 In section .text, align 4
   \   __interwork __vfp void FieldValueBase<RCC_CFGR_SW_Values<RCC::CFGR, 0U, 2U, ReadWriteMode, RCC::RCCCFGRBase>, RCC::RCCCFGRBase, 0U>::Set<ReadWriteMode, void>()
   \                     _ZN14FieldValueBaseI18RCC_CFGR_SW_ValuesIN3RCC4CFGRELj0ELj2E13ReadWriteModeNS1_11RCCCFGRBaseEES4_Lj0EE3SetIS3_vEEvv: (+1)
   \        0x0   0x4902             LDR.N    R1,??Set_1       ;; 0x40023808
   \        0x2   0x6808             LDR      R0,[R1, #+0]
   \        0x4   0x0880             LSRS     R0,R0,#+2
   \        0x6   0x0080             LSLS     R0,R0,#+2
   \        0x8   0x6008             STR      R0,[R1, #+0]
   \        0xA   0x4770             BX       LR               ;; return
   \                     ??Set_1:
   \        0xC   0x4002'3808        DC32     0x40023808

   \                                 In section .text, align 4
   \   __interwork __vfp void FieldValueBase<RCC_AHB1ENR_DMA2EN_Values<RCC::APB2ENR, 14U, 1U, ReadWriteMode, RCC::RCCAPB2ENRBase>, RCC::RCCAPB2ENRBase, 1U>::Set<ReadWriteMode, void>()
   \                     _ZN14FieldValueBaseI25RCC_AHB1ENR_DMA2EN_ValuesIN3RCC7APB2ENRELj14ELj1E13ReadWriteModeNS1_14RCCAPB2ENRBaseEES4_Lj1EE3SetIS3_vEEvv: (+1)
   \        0x0   0x4902             LDR.N    R1,??Set_2       ;; 0x40023844
   \        0x2   0x6808             LDR      R0,[R1, #+0]
   \        0x4   0xF450 0x4080      ORRS     R0,R0,#0x4000
   \        0x8   0x6008             STR      R0,[R1, #+0]
   \        0xA   0x4770             BX       LR               ;; return
   \                     ??Set_2:
   \        0xC   0x4002'3844        DC32     0x40023844

   \                                 In section .text, align 4
   \   __interwork __vfp void FieldValueBase<GPIOA_MODER_MODER15_Values<GPIOA::MODER, 10U, 2U, ReadWriteMode, GPIOA::GPIOAMODERBase>, GPIOA::GPIOAMODERBase, 1U>::Set<ReadWriteMode, void>()
   \                     _ZN14FieldValueBaseI26GPIOA_MODER_MODER15_ValuesIN5GPIOA5MODERELj10ELj2E13ReadWriteModeNS1_14GPIOAMODERBaseEES4_Lj1EE3SetIS3_vEEvv: (+1)
   \        0x0   0x4903             LDR.N    R1,??Set_3       ;; 0x40020000
   \        0x2   0x6808             LDR      R0,[R1, #+0]
   \        0x4   0xF430 0x6040      BICS     R0,R0,#0xC00
   \        0x8   0xF450 0x6080      ORRS     R0,R0,#0x400
   \        0xC   0x6008             STR      R0,[R1, #+0]
   \        0xE   0x4770             BX       LR               ;; return
   \                     ??Set_3:
   \       0x10   0x4002'0000        DC32     0x40020000

   \                                 In section .text, align 4
   \   __interwork __vfp bool FieldValueBase<RCC_CR_HSIRDY_Values<RCC::CR, 1U, 1U, ReadMode, RCC::RCCCRBase>, RCC::RCCCRBase, 0U>::IsSet<ReadMode, void>()
   \                     _ZN14FieldValueBaseI20RCC_CR_HSIRDY_ValuesIN3RCC2CRELj1ELj1E8ReadModeNS1_9RCCCRBaseEES4_Lj0EE5IsSetIS3_vEEbv: (+1)
   \        0x0   0x4804             LDR.N    R0,??IsSet_0     ;; 0x40023800
   \        0x2   0x6800             LDR      R0,[R0, #+0]
   \        0x4   0x0840             LSRS     R0,R0,#+1
   \        0x6   0xF010 0x0001      ANDS     R0,R0,#0x1
   \        0xA   0xF090 0x0001      EORS     R0,R0,#0x1
   \        0xE   0xB2C0             UXTB     R0,R0            ;; ZeroExt  R0,R0,#+24,#+24
   \       0x10   0x4770             BX       LR               ;; return
   \       0x12   0xBF00             Nop      
   \                     ??IsSet_0:
   \       0x14   0x4002'3800        DC32     0x40023800

   \                                 In section .text, align 4
   \   __interwork __vfp bool FieldValueBase<RCC_CFGR_SWS_Values<RCC::CFGR, 2U, 2U, ReadMode, RCC::RCCCFGRBase>, RCC::RCCCFGRBase, 0U>::IsSet<ReadMode, void>()
   \                     _ZN14FieldValueBaseI19RCC_CFGR_SWS_ValuesIN3RCC4CFGRELj2ELj2E8ReadModeNS1_11RCCCFGRBaseEES4_Lj0EE5IsSetIS3_vEEbv: (+1)
   \        0x0   0x4804             LDR.N    R0,??IsSet_1     ;; 0x40023808
   \        0x2   0x6800             LDR      R0,[R0, #+0]
   \        0x4   0xF010 0x0F0C      TST      R0,#0xC
   \        0x8   0xD101             BNE.N    ??IsSet_2
   \        0xA   0x2001             MOVS     R0,#+1
   \        0xC   0xE000             B.N      ??IsSet_3
   \                     ??IsSet_2: (+1)
   \        0xE   0x2000             MOVS     R0,#+0
   \                     ??IsSet_3: (+1)
   \       0x10   0xB2C0             UXTB     R0,R0            ;; ZeroExt  R0,R0,#+24,#+24
   \       0x12   0x4770             BX       LR               ;; return
   \                     ??IsSet_1:
   \       0x14   0x4002'3808        DC32     0x40023808

   \                                 In section .text, align 4
   \   __interwork __vfp void RegisterBase<1073874964U, 32U, ReadWriteMode>::Toggle<ReadWriteMode, void>(uint32_t)
   \                     _ZN12RegisterBaseILj1073874964ELj32E13ReadWriteModeE6ToggleIS0_vEEvj: (+1)
   \        0x0   0x4902             LDR.N    R1,??Toggle_0    ;; 0x40020814
   \        0x2   0x680A             LDR      R2,[R1, #+0]
   \        0x4   0x4050             EORS     R0,R0,R2
   \        0x6   0x6008             STR      R0,[R1, #+0]
   \        0x8   0x4770             BX       LR               ;; return
   \        0xA   0xBF00             Nop      
   \                     ??Toggle_0:
   \        0xC   0x4002'0814        DC32     0x40020814

   \                                 In section .text, align 4
   \   __interwork __vfp uint32_t RegisterBase<1073874960U, 32U, ReadMode>::Get<ReadMode, void>()
   \                     _ZN12RegisterBaseILj1073874960ELj32E8ReadModeE3GetIS0_vEEjv: (+1)
   \        0x0   0x4801             LDR.N    R0,??Get_0       ;; 0x40020810
   \        0x2   0x6800             LDR      R0,[R0, #+0]
   \        0x4   0x4770             BX       LR               ;; return
   \        0x6   0xBF00             Nop      
   \                     ??Get_0:
   \        0x8   0x4002'0810        DC32     0x40020810

   \                                 In section .text, align 4
   \   __interwork __vfp void Register<1073887280U, 32U, ReadWriteMode, RCC::RCCAHB1ENRBase, RCC_AHB1ENR_GPIOCEN_Values<RCC::AHB1ENR, 2U, 1U, ReadWriteMode, RCC::RCCAHB1ENRBase>::Enable, RCC_AHB1ENR_GPIOAEN_Values<RCC::AHB1ENR, 0U, 1U, ReadWriteMode, RCC::RCCAHB1ENRBase>::Enable>::Set<ReadWriteMode, void>()
   \                     _ZN8RegisterILj1073887280ELj32E13ReadWriteModeN3RCC14RCCAHB1ENRBaseEJ10FieldValueI26RCC_AHB1ENR_GPIOCEN_ValuesINS1_7AHB1ENRELj2ELj1ES0_S2_ES2_Lj1EvES3_I26RCC_AHB1ENR_GPIOAEN_ValuesIS5_Lj0ELj1ES0_S2_ES2_Lj1EvEEE3SetIS0_vEEvv: (+1)
   \        0x0   0x4903             LDR.N    R1,??Set_4       ;; 0x40023830
   \        0x2   0x6808             LDR      R0,[R1, #+0]
   \        0x4   0xF030 0x0005      BICS     R0,R0,#0x5
   \        0x8   0xF050 0x0005      ORRS     R0,R0,#0x5
   \        0xC   0x6008             STR      R0,[R1, #+0]
   \        0xE   0x4770             BX       LR               ;; return
   \                     ??Set_4:
   \       0x10   0x4002'3830        DC32     0x40023830

   \                                 In section .text, align 4
   \   __interwork __vfp void Register<1073874944U, 32U, ReadWriteMode, GPIOC::GPIOCMODERBase, GPIOC_MODER_MODER15_Values<GPIOC::MODER, 10U, 2U, ReadWriteMode, GPIOC::GPIOCMODERBase>::Output, GPIOC_MODER_MODER15_Values<GPIOC::MODER, 16U, 2U, ReadWriteMode, GPIOC::GPIOCMODERBase>::Output, GPIOC_MODER_MODER15_Values<GPIOC::MODER, 18U, 2U, ReadWriteMode, GPIOC::GPIOCMODERBase>::Output>::Set<ReadWriteMode, void>()
   \                     _ZN8RegisterILj1073874944ELj32E13ReadWriteModeN5GPIOC14GPIOCMODERBaseEJ10FieldValueI26GPIOC_MODER_MODER15_ValuesINS1_5MODERELj10ELj2ES0_S2_ES2_Lj1EvES3_IS4_IS5_Lj16ELj2ES0_S2_ES2_Lj1EvES3_IS4_IS5_Lj18ELj2ES0_S2_ES2_Lj1EvEEE3SetIS0_vEEvv: (+1)
   \        0x0   0x4A04             LDR.N    R2,??Set_5       ;; 0x40020800
   \        0x2   0x6811             LDR      R1,[R2, #+0]
   \        0x4   0x4804             LDR.N    R0,??Set_5+0x4   ;; 0xfff0f3ff
   \        0x6   0x4001             ANDS     R1,R0,R1
   \        0x8   0xF441 0x2180      ORR      R1,R1,#0x40000
   \        0xC   0xF451 0x3182      ORRS     R1,R1,#0x10400
   \       0x10   0x6011             STR      R1,[R2, #+0]
   \       0x12   0x4770             BX       LR               ;; return
   \                     ??Set_5:
   \       0x14   0x4002'0800        DC32     0x40020800
   \       0x18   0xFFF0'F3FF        DC32     0xfff0f3ff

   \                                 In section .rodata, align 4
   \   __absolute unsigned int const mask
   \                     _ZZN8RegisterILj1073887280ELj32E13ReadWriteModeN3RCC14RCCAHB1ENRBaseEJ10FieldValueI26RCC_AHB1ENR_GPIOCEN_ValuesINS1_7AHB1ENRELj2ELj1ES0_S2_ES2_Lj1EvES3_I26RCC_AHB1ENR_GPIOAEN_ValuesIS5_Lj0ELj1ES0_S2_ES2_Lj1EvEEE3SetIS0_vEEvvE4mask:
   \        0x0   0x0000'0005        DC32 5

   \                                 In section .rodata, align 4
   \   __absolute unsigned int const mask
   \                     _ZZN8RegisterILj1073874944ELj32E13ReadWriteModeN5GPIOC14GPIOCMODERBaseEJ10FieldValueI26GPIOC_MODER_MODER15_ValuesINS1_5MODERELj10ELj2ES0_S2_ES2_Lj1EvES3_IS4_IS5_Lj16ELj2ES0_S2_ES2_Lj1EvES3_IS4_IS5_Lj18ELj2ES0_S2_ES2_Lj1EvEEE3SetIS0_vEEvvE4mask:
   \        0x0   0x000F'0C00        DC32 986'112

   \                                 In section .rodata, align 4
   \   __absolute unsigned int const value
   \                     _ZZN8RegisterILj1073887280ELj32E13ReadWriteModeN3RCC14RCCAHB1ENRBaseEJ10FieldValueI26RCC_AHB1ENR_GPIOCEN_ValuesINS1_7AHB1ENRELj2ELj1ES0_S2_ES2_Lj1EvES3_I26RCC_AHB1ENR_GPIOAEN_ValuesIS5_Lj0ELj1ES0_S2_ES2_Lj1EvEEE3SetIS0_vEEvvE5value:
   \        0x0   0x0000'0005        DC32 5

   \                                 In section .rodata, align 4
   \   __absolute unsigned int const value
   \                     _ZZN8RegisterILj1073874944ELj32E13ReadWriteModeN5GPIOC14GPIOCMODERBaseEJ10FieldValueI26GPIOC_MODER_MODER15_ValuesINS1_5MODERELj10ELj2ES0_S2_ES2_Lj1EvES3_IS4_IS5_Lj16ELj2ES0_S2_ES2_Lj1EvES3_IS4_IS5_Lj18ELj2ES0_S2_ES2_Lj1EvEEE3SetIS0_vEEvvE5value:
   \        0x0   0x0005'0400        DC32 328'704
      3          #include <gpioaregisters.hpp>  // for GPIOA
      4          #include <gpiocregisters.hpp>  // for GPIOC
      5          #include "rtos.hpp"

   \                                 In section .text, align 2
   \   __interwork __vfp void OsWrapper::Rtos::CreateThread<ButtonTask>(ButtonTask &, char const *, OsWrapper::ThreadPriority)
   \                     _ZN9OsWrapper4Rtos12CreateThreadI10ButtonTaskEEvRT_PKcNS_14ThreadPriorityE: (+1)
   \        0x0   0xB57C             PUSH     {R2-R6,LR}
   \        0x2   0x0004             MOVS     R4,R0
   \        0x4   0x000D             MOVS     R5,R1
   \        0x6   0x0016             MOVS     R6,R2
   \        0x8   0xF114 0x005C      ADDS     R0,R4,#+92
   \        0xC   0x....'....        BL       _ZNSt5arrayIjLj128EE4dataEv
   \       0x10   0x9000             STR      R0,[SP, #+0]
   \       0x12   0x2380             MOVS     R3,#+128
   \       0x14   0x0032             MOVS     R2,R6
   \       0x16   0xB2D2             UXTB     R2,R2            ;; ZeroExt  R2,R2,#+24,#+24
   \       0x18   0x0029             MOVS     R1,R5
   \       0x1A   0x0020             MOVS     R0,R4
   \       0x1C   0x....'....        BL       _ZN9OsWrapper11RtosWrapper13wCreateThreadINS_4RtosE10ButtonTaskEEvRT0_PKcNS_14ThreadPriorityEtPj
   \       0x20   0xBD73             POP      {R0,R1,R4-R6,PC}  ;; return

   \                                 In section .text, align 2
   \   __interwork __vfp void OsWrapper::Rtos::CreateThread<LedTask>(LedTask &, char const *, OsWrapper::ThreadPriority)
   \                     _ZN9OsWrapper4Rtos12CreateThreadI7LedTaskEEvRT_PKcNS_14ThreadPriorityE: (+1)
   \        0x0   0xB57C             PUSH     {R2-R6,LR}
   \        0x2   0x0004             MOVS     R4,R0
   \        0x4   0x000D             MOVS     R5,R1
   \        0x6   0x0016             MOVS     R6,R2
   \        0x8   0xF114 0x005C      ADDS     R0,R4,#+92
   \        0xC   0x....'....        BL       _ZNSt5arrayIjLj128EE4dataEv
   \       0x10   0x9000             STR      R0,[SP, #+0]
   \       0x12   0x2380             MOVS     R3,#+128
   \       0x14   0x0032             MOVS     R2,R6
   \       0x16   0xB2D2             UXTB     R2,R2            ;; ZeroExt  R2,R2,#+24,#+24
   \       0x18   0x0029             MOVS     R1,R5
   \       0x1A   0x0020             MOVS     R0,R4
   \       0x1C   0x....'....        BL       _ZN9OsWrapper11RtosWrapper13wCreateThreadINS_4RtosE7LedTaskEEvRT0_PKcNS_14ThreadPriorityEtPj
   \       0x20   0xBD73             POP      {R0,R1,R4-R6,PC}  ;; return

   \                                 In section .text, align 2
   \   __interwork __vfp void OsWrapper::Rtos::Start()
   \                     _ZN9OsWrapper4Rtos5StartEv: (+1)
   \        0x0   0xB580             PUSH     {R7,LR}
   \        0x2   0x....'....        BL       _ZN9OsWrapper11RtosWrapper6wStartEv
   \        0x6   0xBD01             POP      {R0,PC}          ;; return

   \                                 In section .text, align 2
   \   __interwork __vfp void OsWrapper::Rtos::Run(void *)
   \                     _ZN9OsWrapper4Rtos3RunEPv: (+1)
   \        0x0   0xB580             PUSH     {R7,LR}
   \        0x2   0x....'....        BL       _ZN9OsWrapper7IThread3RunEv
   \        0x6   0xBD01             POP      {R0,PC}          ;; return
      6          #include "Led2task.hpp"
      7          #include "Led3task.hpp"
      8          #include "Led.hpp"

   \                                 In section .text, align 2
   \   __interwork __vfp void Led<GPIOC, 8>::Toggle()
   \                     _ZN3LedI5GPIOCLi8EE6ToggleEv: (+1)
   \        0x0   0xB580             PUSH     {R7,LR}
   \        0x2   0xF44F 0x7080      MOV      R0,#+256
   \        0x6   0x....'....        BL       _ZN12RegisterBaseILj1073874964ELj32E13ReadWriteModeE6ToggleIS0_vEEvj
   \        0xA   0xBD01             POP      {R0,PC}          ;; return
      9          #include "LEDTask.hpp"

   \                                 In section .text, align 2
   \   __code __interwork __vfp OsWrapper::Event::Event(std::chrono::milliseconds, uint32_t)
   \                     _ZN9OsWrapper5EventC1ENSt6chrono8durationIxSt5ratioILx1ELx1000EEEEj: (+1)
   \        0x0   0xB538             PUSH     {R3-R5,LR}
   \        0x2   0xB40F             PUSH     {R0-R3}
   \        0x4   0x0004             MOVS     R4,R0
   \        0x6   0x9D08             LDR      R5,[SP, #+32]
   \        0x8   0x2000             MOVS     R0,#+0
   \        0xA   0x6020             STR      R0,[R4, #+0]
   \        0xC   0xA802             ADD      R0,SP,#+8
   \        0xE   0x....'....        BL       _ZNSt6chrono13duration_castINS_8durationIjSt5ratioILx10ELx1000EEEExS2_ILx1ELx1000EEEENSt9enable_ifIXsr3std6chrono12_Is_durationIT_EE5valueES7_E4typeERKNS1_IT0_T1_EE
   \       0x12   0x9000             STR      R0,[SP, #+0]
   \       0x14   0x4668             MOV      R0,SP
   \       0x16   0x....'....        BL       _ZNKSt6chrono8durationIjSt5ratioILx10ELx1000EEE5countEv
   \       0x1A   0x61E0             STR      R0,[R4, #+28]
   \       0x1C   0x6225             STR      R5,[R4, #+32]
   \       0x1E   0x1D20             ADDS     R0,R4,#+4
   \       0x20   0x....'....        BL       _ZN9OsWrapper11RtosWrapper12wCreateEventER19xSTATIC_EVENT_GROUP
   \       0x24   0x6020             STR      R0,[R4, #+0]
   \       0x26   0x0020             MOVS     R0,R4
   \       0x28   0xB005             ADD      SP,SP,#+20
   \       0x2A   0xBD30             POP      {R4,R5,PC}       ;; return

   \                                 In section .text, align 2
   \   __code __interwork __vfp OsWrapper::Event::~Event()
   \                     _ZN9OsWrapper5EventD1Ev: (+1)
   \        0x0   0xB510             PUSH     {R4,LR}
   \        0x2   0x0004             MOVS     R4,R0
   \        0x4   0x0020             MOVS     R0,R4
   \        0x6   0x....'....        BL       _ZN9OsWrapper11RtosWrapper12wDeleteEventERPv
   \        0xA   0x0020             MOVS     R0,R4
   \        0xC   0xBD10             POP      {R4,PC}          ;; return
     10          #include "Event.hpp"
     11          #include "ButtonTask.hpp"
     12          #include "button.hpp"

   \                                 In section .text, align 2
   \   __interwork __vfp bool Button<GPIOC, 13>::IsPressed()
   \                     _ZN6ButtonI5GPIOCLi13EE9IsPressedEv: (+1)
   \        0x0   0xB580             PUSH     {R7,LR}
   \        0x2   0x....'....        BL       _ZN12RegisterBaseILj1073874960ELj32E8ReadModeE3GetIS0_vEEjv
   \        0x6   0x0B40             LSRS     R0,R0,#+13
   \        0x8   0xF010 0x0001      ANDS     R0,R0,#0x1
   \        0xC   0xF090 0x0001      EORS     R0,R0,#0x1
   \       0x10   0xB2C0             UXTB     R0,R0            ;; ZeroExt  R0,R0,#+24,#+24
   \       0x12   0xBD02             POP      {R1,PC}          ;; return
     13          

   \                                 In section .data, align 4
     14          std::uint32_t SystemCoreClock = 16'000'000U;
   \                     SystemCoreClock:
   \        0x0   0x00F4'2400        DC32 16'000'000
     15          
     16          
     17          extern "C" {

   \                                 In section .text, align 2, keep-with-next
     18          int __low_level_init(void)
     19          {
   \                     __low_level_init: (+1)
   \        0x0   0xB580             PUSH     {R7,LR}
     20            //Switch on external 16 MHz oscillator
     21            RCC::CR::HSION::On::Set();
   \        0x2   0x....'....        BL       _ZN14FieldValueBaseI19RCC_CR_HSION_ValuesIN3RCC2CRELj0ELj1E13ReadWriteModeNS1_9RCCCRBaseEES4_Lj1EE3SetIS3_vEEvv
     22            while (RCC::CR::HSIRDY::NotReady::IsSet())
   \                     ??__low_level_init_0: (+1)
   \        0x6   0x....'....        BL       _ZN14FieldValueBaseI20RCC_CR_HSIRDY_ValuesIN3RCC2CRELj1ELj1E8ReadModeNS1_9RCCCRBaseEES4_Lj0EE5IsSetIS3_vEEbv
   \        0xA   0x2800             CMP      R0,#+0
   \        0xC   0xD1FB             BNE.N    ??__low_level_init_0
     23            {
     24          
     25            }
     26            //Switch system clock on external oscillator
     27            RCC::CFGR::SW::Hsi::Set();
   \        0xE   0x....'....        BL       _ZN14FieldValueBaseI18RCC_CFGR_SW_ValuesIN3RCC4CFGRELj0ELj2E13ReadWriteModeNS1_11RCCCFGRBaseEES4_Lj0EE3SetIS3_vEEvv
     28            while (!RCC::CFGR::SWS::Hsi::IsSet())
   \                     ??__low_level_init_1: (+1)
   \       0x12   0x....'....        BL       _ZN14FieldValueBaseI19RCC_CFGR_SWS_ValuesIN3RCC4CFGRELj2ELj2E8ReadModeNS1_11RCCCFGRBaseEES4_Lj0EE5IsSetIS3_vEEbv
   \       0x16   0x2800             CMP      R0,#+0
   \       0x18   0xD0FB             BEQ.N    ??__low_level_init_1
     29           {
     30          
     31            }
     32            //Switch on clock on PortA and PortC
     33            RCC::AHB1ENRPack<
     34                RCC::AHB1ENR::GPIOCEN::Enable,
     35                RCC::AHB1ENR::GPIOAEN::Enable
     36            >::Set();
   \       0x1A   0x....'....        BL       _ZN8RegisterILj1073887280ELj32E13ReadWriteModeN3RCC14RCCAHB1ENRBaseEJ10FieldValueI26RCC_AHB1ENR_GPIOCEN_ValuesINS1_7AHB1ENRELj2ELj1ES0_S2_ES2_Lj1EvES3_I26RCC_AHB1ENR_GPIOAEN_ValuesIS5_Lj0ELj1ES0_S2_ES2_Lj1EvEEE3SetIS0_vEEvv
     37          
     38            RCC::APB2ENR::SYSCFGEN::Enable::Set();//
   \       0x1E   0x....'....        BL       _ZN14FieldValueBaseI25RCC_AHB1ENR_DMA2EN_ValuesIN3RCC7APB2ENRELj14ELj1E13ReadWriteModeNS1_14RCCAPB2ENRBaseEES4_Lj1EE3SetIS3_vEEvv
     39          
     40            //LED1 on PortA.5, set PortA.5 as output
     41            GPIOA::MODER::MODER5::Output::Set();
   \       0x22   0x....'....        BL       _ZN14FieldValueBaseI26GPIOA_MODER_MODER15_ValuesIN5GPIOA5MODERELj10ELj2E13ReadWriteModeNS1_14GPIOAMODERBaseEES4_Lj1EE3SetIS3_vEEvv
     42          
     43            /* LED2 on PortC.9, LED3 on PortC.8, LED4 on PortC.5 so set PortC.5,8,9 as output */
     44            GPIOC::MODERPack<
     45                GPIOC::MODER::MODER5::Output,
     46                GPIOC::MODER::MODER8::Output,
     47                GPIOC::MODER::MODER9::Output
     48            >::Set();
   \       0x26   0x....'....        BL       _ZN8RegisterILj1073874944ELj32E13ReadWriteModeN5GPIOC14GPIOCMODERBaseEJ10FieldValueI26GPIOC_MODER_MODER15_ValuesINS1_5MODERELj10ELj2ES0_S2_ES2_Lj1EvES3_IS4_IS5_Lj16ELj2ES0_S2_ES2_Lj1EvES3_IS4_IS5_Lj18ELj2ES0_S2_ES2_Lj1EvEEE3SetIS0_vEEvv
     49          
     50            return 1;
   \       0x2A   0x2001             MOVS     R0,#+1
   \       0x2C   0xBD02             POP      {R1,PC}          ;; return
     51          }
     52          };
     53          
     54          

   \                                 In section .data, align 4
     55          Led<GPIOC, 8> led3;
   \                     led3:
   \        0x0   0x....'....        DC32 _ZTV3LedI5GPIOCLi8EE + 0x8

   \                                 In section .data, align 4
     56          Button<GPIOC, 13> button;
   \                     button:
   \        0x0   0x....'....        DC32 _ZTV6ButtonI5GPIOCLi13EE + 0x8
     57          

   \                                 In section .text, align 2, keep-with-next
   \   static __intrinsic __interwork __vfp void __sti__routine()
   \                     __sti__routine: (+1)
   \        0x0   0xB51C             PUSH     {R2-R4,LR}
     58          Event event(1000ms, 1);
   \        0x2   0x....             LDR.N    R4,??DataTable1
   \        0x4   0x2001             MOVS     R0,#+1
   \        0x6   0x9000             STR      R0,[SP, #+0]
   \        0x8   0x....             LDR.N    R0,??DataTable1_1
   \        0xA   0xE9D0 0x2300      LDRD     R2,R3,[R0, #+0]
   \        0xE   0x0020             MOVS     R0,R4
   \       0x10   0x....'....        BL       _ZN9OsWrapper5EventC1ENSt6chrono8durationIxSt5ratioILx1ELx1000EEEEj
   \       0x14   0x....             LDR.N    R2,??DataTable1_2
   \       0x16   0x....             LDR.N    R1,??DataTable1_3
   \       0x18   0x....'....        BL       __aeabi_atexit
     59          
     60          
     61          LedTask led3task(led3, 500ms, event);
   \       0x1C   0x9400             STR      R4,[SP, #+0]
   \       0x1E   0x....             LDR.N    R0,??DataTable1_4
   \       0x20   0xE9D0 0x2300      LDRD     R2,R3,[R0, #+0]
   \       0x24   0x....             LDR.N    R1,??DataTable1_5
   \       0x26   0x....             LDR.N    R0,??DataTable1_6
   \       0x28   0x....'....        BL       _ZN7LedTaskC1ER4ILedNSt6chrono8durationIxSt5ratioILx1ELx1000EEEERN9OsWrapper5EventE
     62          ButtonTask buttonTask(button, event);
   \       0x2C   0x0022             MOVS     R2,R4
   \       0x2E   0x....             LDR.N    R1,??DataTable1_7
   \       0x30   0x....             LDR.N    R0,??DataTable1_8
   \       0x32   0x....'....        BL       _ZN10ButtonTaskC1ER7IButtonRN9OsWrapper5EventE
   \       0x36   0xBD13             POP      {R0,R1,R4,PC}    ;; return

   \                                 In section .bss, align 4
   \                     event:
   \        0x0                      DS8 36

   \                                 In section .bss, align 8
   \                     led3task:
   \        0x0                      DS8 624

   \                                 In section .bss, align 4
   \                     buttonTask:
   \        0x0                      DS8 612
     63          
     64          

   \                                 In section .text, align 2, keep-with-next
     65          int main()
     66          {
   \                     main: (+1)
   \        0x0   0xB580             PUSH     {R7,LR}
     67            
     68          //  led3.Toggle();
     69            Rtos::CreateThread(buttonTask, "buttonTask1", ThreadPriority::normal);
   \        0x2   0x221E             MOVS     R2,#+30
   \        0x4   0x....             LDR.N    R1,??DataTable1_9
   \        0x6   0x....             LDR.N    R0,??DataTable1_8
   \        0x8   0x....'....        BL       _ZN9OsWrapper4Rtos12CreateThreadI10ButtonTaskEEvRT_PKcNS_14ThreadPriorityE
     70            Rtos::CreateThread(led3task, "led3task", ThreadPriority::normal);
   \        0xC   0x221E             MOVS     R2,#+30
   \        0xE   0x....             LDR.N    R1,??DataTable1_10
   \       0x10   0x....             LDR.N    R0,??DataTable1_6
   \       0x12   0x....'....        BL       _ZN9OsWrapper4Rtos12CreateThreadI7LedTaskEEvRT_PKcNS_14ThreadPriorityE
     71            
     72          //  Rtos::CreateThread(led3Task, "led3Task", ThreadPriority::normal);
     73            Rtos::Start();
   \       0x16   0x....'....        BL       _ZN9OsWrapper4Rtos5StartEv
     74            return 0;
   \       0x1A   0x2000             MOVS     R0,#+0
   \       0x1C   0xBD02             POP      {R1,PC}          ;; return
     75          }

   \                                 In section .text, align 4, keep-with-next
   \                     ??DataTable1:
   \        0x0   0x....'....        DC32     event

   \                                 In section .text, align 4, keep-with-next
   \                     ??DataTable1_1:
   \        0x0   0x....'....        DC32     ?_2

   \                                 In section .text, align 4, keep-with-next
   \                     ??DataTable1_2:
   \        0x0   0x....'....        DC32     __dso_handle

   \                                 In section .text, align 4, keep-with-next
   \                     ??DataTable1_3:
   \        0x0   0x....'....        DC32     _ZN9OsWrapper5EventD1Ev

   \                                 In section .text, align 4, keep-with-next
   \                     ??DataTable1_4:
   \        0x0   0x....'....        DC32     ?_3

   \                                 In section .text, align 4, keep-with-next
   \                     ??DataTable1_5:
   \        0x0   0x....'....        DC32     led3

   \                                 In section .text, align 4, keep-with-next
   \                     ??DataTable1_6:
   \        0x0   0x....'....        DC32     led3task

   \                                 In section .text, align 4, keep-with-next
   \                     ??DataTable1_7:
   \        0x0   0x....'....        DC32     button

   \                                 In section .text, align 4, keep-with-next
   \                     ??DataTable1_8:
   \        0x0   0x....'....        DC32     buttonTask

   \                                 In section .text, align 4, keep-with-next
   \                     ??DataTable1_9:
   \        0x0   0x....'....        DC32     ?_0

   \                                 In section .text, align 4, keep-with-next
   \                     ??DataTable1_10:
   \        0x0   0x....'....        DC32     ?_1

   \                                 In section .rodata, align 4
   \                     ?_0:
   \        0x0   0x62 0x75          DC8 "buttonTask1"
   \              0x74 0x74    
   \              0x6F 0x6E    
   \              0x54 0x61    
   \              0x73 0x6B    
   \              0x31 0x00    

   \                                 In section .rodata, align 4
   \                     ?_1:
   \        0x0   0x6C 0x65          DC8 "led3task"
   \              0x64 0x33    
   \              0x74 0x61    
   \              0x73 0x6B    
   \              0x00         
   \        0x9   0x00 0x00          DC8 0, 0, 0
   \              0x00         

   Maximum stack usage in bytes:

   .cstack Function
   ------- --------
       8   Button<GPIOC, 13>::IsPressed()
         8   -> RegisterBase<1073874960U, 32U, ReadMode>::Get<ReadMode, void>()
       0   FieldValueBase<GPIOA_MODER_MODER15_Values<GPIOA::MODER, 10U, 2U, ReadWriteMode, GPIOA::GPIOAMODERBase>, GPIOA::GPIOAMODERBase, 1U>::Set<ReadWriteMode, void>()
       0   FieldValueBase<RCC_AHB1ENR_DMA2EN_Values<RCC::APB2ENR, 14U, 1U, ReadWriteMode, RCC::RCCAPB2ENRBase>, RCC::RCCAPB2ENRBase, 1U>::Set<ReadWriteMode, void>()
       0   FieldValueBase<RCC_CFGR_SWS_Values<RCC::CFGR, 2U, 2U, ReadMode, RCC::RCCCFGRBase>, RCC::RCCCFGRBase, 0U>::IsSet<ReadMode, void>()
       0   FieldValueBase<RCC_CFGR_SW_Values<RCC::CFGR, 0U, 2U, ReadWriteMode, RCC::RCCCFGRBase>, RCC::RCCCFGRBase, 0U>::Set<ReadWriteMode, void>()
       0   FieldValueBase<RCC_CR_HSION_Values<RCC::CR, 0U, 1U, ReadWriteMode, RCC::RCCCRBase>, RCC::RCCCRBase, 1U>::Set<ReadWriteMode, void>()
       0   FieldValueBase<RCC_CR_HSIRDY_Values<RCC::CR, 1U, 1U, ReadMode, RCC::RCCCRBase>, RCC::RCCCRBase, 0U>::IsSet<ReadMode, void>()
       8   Led<GPIOC, 8>::Toggle()
         8   -> RegisterBase<1073874964U, 32U, ReadWriteMode>::Toggle<ReadWriteMode, void>(uint32_t)
      32   OsWrapper::Event::Event(std::chrono::milliseconds, uint32_t)
        32   -> OsWrapper::RtosWrapper::wCreateEvent(OsWrapper::tEvent &)
        32   -> std::chrono::duration<uint32_t, std::ratio<10LL, 1000LL>>::count() const
        32   -> std::chrono::duration_cast<OsWrapper::TicksPerSecond, __int64_t, std::milli>(std::chrono::duration<__int64_t, std::milli> const &)
       8   OsWrapper::Event::~Event()
         8   -> OsWrapper::RtosWrapper::wDeleteEvent(void * &)
       8   OsWrapper::IThread::Run()
         8   -- Indirect call
         8   -> OsWrapper::RtosWrapper::wGetTicks()
      24   OsWrapper::Rtos::CreateThread<ButtonTask>(ButtonTask &, char const *, OsWrapper::ThreadPriority)
        24   -> OsWrapper::RtosWrapper::wCreateThread<OsWrapper::Rtos, ButtonTask>(ButtonTask &, char const *, OsWrapper::ThreadPriority, uint16_t, uint32_t *)
        24   -> std::array<uint32_t, 128U>::data()
      24   OsWrapper::Rtos::CreateThread<LedTask>(LedTask &, char const *, OsWrapper::ThreadPriority)
        24   -> OsWrapper::RtosWrapper::wCreateThread<OsWrapper::Rtos, LedTask>(LedTask &, char const *, OsWrapper::ThreadPriority, uint16_t, uint32_t *)
        24   -> std::array<uint32_t, 128U>::data()
       8   OsWrapper::Rtos::Run(void *)
         8   -> OsWrapper::IThread::Run()
       8   OsWrapper::Rtos::Start()
         8   -> OsWrapper::RtosWrapper::wStart()
       8   OsWrapper::RtosWrapper::wCreateEvent(OsWrapper::tEvent &)
         8   -> xEventGroupCreateStatic
      24   OsWrapper::RtosWrapper::wCreateThread<OsWrapper::Rtos, ButtonTask>(ButtonTask &, char const *, OsWrapper::ThreadPriority, uint16_t, uint32_t *)
        24   -> xTaskCreateStatic
      24   OsWrapper::RtosWrapper::wCreateThread<OsWrapper::Rtos, LedTask>(LedTask &, char const *, OsWrapper::ThreadPriority, uint16_t, uint32_t *)
        24   -> xTaskCreateStatic
       8   OsWrapper::RtosWrapper::wDeleteEvent(void * &)
         8   -> vEventGroupDelete
       8   OsWrapper::RtosWrapper::wGetTicks()
         8   -> xTaskGetTickCount
       8   OsWrapper::RtosWrapper::wStart()
         8   -> vTaskStartScheduler
       0   Register<1073874944U, 32U, ReadWriteMode, GPIOC::GPIOCMODERBase, GPIOC_MODER_MODER15_Values<GPIOC::MODER, 10U, 2U, ReadWriteMode, GPIOC::GPIOCMODERBase>::Output, GPIOC_MODER_MODER15_Values<GPIOC::MODER, 16U, 2U, ReadWriteMode, GPIOC::GPIOCMODERBase>::Output, GPIOC_MODER_MODER15_Values<GPIOC::MODER, 18U, 2U, ReadWriteMode, GPIOC::GPIOCMODERBase>::Output>::Set<ReadWriteMode, void>()
       0   Register<1073887280U, 32U, ReadWriteMode, RCC::RCCAHB1ENRBase, RCC_AHB1ENR_GPIOCEN_Values<RCC::AHB1ENR, 2U, 1U, ReadWriteMode, RCC::RCCAHB1ENRBase>::Enable, RCC_AHB1ENR_GPIOAEN_Values<RCC::AHB1ENR, 0U, 1U, ReadWriteMode, RCC::RCCAHB1ENRBase>::Enable>::Set<ReadWriteMode, void>()
       0   RegisterBase<1073874960U, 32U, ReadMode>::Get<ReadMode, void>()
       0   RegisterBase<1073874964U, 32U, ReadWriteMode>::Toggle<ReadWriteMode, void>(uint32_t)
       8   __low_level_init
         8   -> FieldValueBase<GPIOA_MODER_MODER15_Values<GPIOA::MODER, 10U, 2U, ReadWriteMode, GPIOA::GPIOAMODERBase>, GPIOA::GPIOAMODERBase, 1U>::Set<ReadWriteMode, void>()
         8   -> FieldValueBase<RCC_AHB1ENR_DMA2EN_Values<RCC::APB2ENR, 14U, 1U, ReadWriteMode, RCC::RCCAPB2ENRBase>, RCC::RCCAPB2ENRBase, 1U>::Set<ReadWriteMode, void>()
         8   -> FieldValueBase<RCC_CFGR_SWS_Values<RCC::CFGR, 2U, 2U, ReadMode, RCC::RCCCFGRBase>, RCC::RCCCFGRBase, 0U>::IsSet<ReadMode, void>()
         8   -> FieldValueBase<RCC_CFGR_SW_Values<RCC::CFGR, 0U, 2U, ReadWriteMode, RCC::RCCCFGRBase>, RCC::RCCCFGRBase, 0U>::Set<ReadWriteMode, void>()
         8   -> FieldValueBase<RCC_CR_HSION_Values<RCC::CR, 0U, 1U, ReadWriteMode, RCC::RCCCRBase>, RCC::RCCCRBase, 1U>::Set<ReadWriteMode, void>()
         8   -> FieldValueBase<RCC_CR_HSIRDY_Values<RCC::CR, 1U, 1U, ReadMode, RCC::RCCCRBase>, RCC::RCCCRBase, 0U>::IsSet<ReadMode, void>()
         8   -> Register<1073874944U, 32U, ReadWriteMode, GPIOC::GPIOCMODERBase, GPIOC_MODER_MODER15_Values<GPIOC::MODER, 10U, 2U, ReadWriteMode, GPIOC::GPIOCMODERBase>::Output, GPIOC_MODER_MODER15_Values<GPIOC::MODER, 16U, 2U, ReadWriteMode, GPIOC::GPIOCMODERBase>::Output, GPIOC_MODER_MODER15_Values<GPIOC::MODER, 18U, 2U, ReadWriteMode, GPIOC::GPIOCMODERBase>::Output>::Set<ReadWriteMode, void>()
         8   -> Register<1073887280U, 32U, ReadWriteMode, RCC::RCCAHB1ENRBase, RCC_AHB1ENR_GPIOCEN_Values<RCC::AHB1ENR, 2U, 1U, ReadWriteMode, RCC::RCCAHB1ENRBase>::Enable, RCC_AHB1ENR_GPIOAEN_Values<RCC::AHB1ENR, 0U, 1U, ReadWriteMode, RCC::RCCAHB1ENRBase>::Enable>::Set<ReadWriteMode, void>()
      16   __sti__routine()
        16   -> ButtonTask::ButtonTask(IButton &, OsWrapper::Event &)
        16   -> LedTask::LedTask(ILed &, std::chrono::milliseconds, OsWrapper::Event &)
        16   -> OsWrapper::Event::Event(std::chrono::milliseconds, uint32_t)
        16   -> __aeabi_atexit
       8   main
         8   -> OsWrapper::Rtos::CreateThread<ButtonTask>(ButtonTask &, char const *, OsWrapper::ThreadPriority)
         8   -> OsWrapper::Rtos::CreateThread<LedTask>(LedTask &, char const *, OsWrapper::ThreadPriority)
         8   -> OsWrapper::Rtos::Start()
       0   std::array<uint32_t, 128U>::data()
       0   std::chrono::duration<__int64_t, std::milli>::count() const
       0   std::chrono::duration<uint32_t, std::ratio<10LL, 1000LL>>::count() const
       0   std::chrono::duration<uint32_t, std::ratio<10LL, 1000LL>>::duration<uint32_t, void>(uint32_t const &)
      16   std::chrono::duration_cast<OsWrapper::TicksPerSecond, __int64_t, std::milli>(std::chrono::duration<__int64_t, std::milli> const &)
        16   -> std::chrono::duration<__int64_t, std::milli>::count() const
        16   -> std::chrono::duration<uint32_t, std::ratio<10LL, 1000LL>>::duration<uint32_t, void>(uint32_t const &)
        16 __aeabi_ldivmod


   Section sizes:

   Bytes  Function/Label
   -----  --------------
       4  ??DataTable1
       4  ??DataTable1_1
       4  ??DataTable1_10
       4  ??DataTable1_2
       4  ??DataTable1_3
       4  ??DataTable1_4
       4  ??DataTable1_5
       4  ??DataTable1_6
       4  ??DataTable1_7
       4  ??DataTable1_8
       4  ??DataTable1_9
      12  ?_0
      12  ?_1
      20  Button<GPIOC, 13>::IsPressed()
      20  FieldValueBase<GPIOA_MODER_MODER15_Values<GPIOA::MODER, 10U, 2U, ReadWriteMode, GPIOA::GPIOAMODERBase>, GPIOA::GPIOAMODERBase, 1U>::Set<ReadWriteMode, void>()
      16  FieldValueBase<RCC_AHB1ENR_DMA2EN_Values<RCC::APB2ENR, 14U, 1U, ReadWriteMode, RCC::RCCAPB2ENRBase>, RCC::RCCAPB2ENRBase, 1U>::Set<ReadWriteMode, void>()
      24  FieldValueBase<RCC_CFGR_SWS_Values<RCC::CFGR, 2U, 2U, ReadMode, RCC::RCCCFGRBase>, RCC::RCCCFGRBase, 0U>::IsSet<ReadMode, void>()
      16  FieldValueBase<RCC_CFGR_SW_Values<RCC::CFGR, 0U, 2U, ReadWriteMode, RCC::RCCCFGRBase>, RCC::RCCCFGRBase, 0U>::Set<ReadWriteMode, void>()
      16  FieldValueBase<RCC_CR_HSION_Values<RCC::CR, 0U, 1U, ReadWriteMode, RCC::RCCCRBase>, RCC::RCCCRBase, 1U>::Set<ReadWriteMode, void>()
      24  FieldValueBase<RCC_CR_HSIRDY_Values<RCC::CR, 1U, 1U, ReadMode, RCC::RCCCRBase>, RCC::RCCCRBase, 0U>::IsSet<ReadMode, void>()
      12  Led<GPIOC, 8>::Toggle()
      44  OsWrapper::Event::Event(std::chrono::milliseconds, uint32_t)
      14  OsWrapper::Event::~Event()
      20  OsWrapper::IThread::Run()
      34  OsWrapper::Rtos::CreateThread<ButtonTask>(ButtonTask &, char const *, OsWrapper::ThreadPriority)
      34  OsWrapper::Rtos::CreateThread<LedTask>(LedTask &, char const *, OsWrapper::ThreadPriority)
       8  OsWrapper::Rtos::Run(void *)
       8  OsWrapper::Rtos::Start()
       8  OsWrapper::RtosWrapper::wCreateEvent(OsWrapper::tEvent &)
      44  OsWrapper::RtosWrapper::wCreateThread<OsWrapper::Rtos, ButtonTask>(ButtonTask &, char const *, OsWrapper::ThreadPriority, uint16_t, uint32_t *)
      44  OsWrapper::RtosWrapper::wCreateThread<OsWrapper::Rtos, LedTask>(LedTask &, char const *, OsWrapper::ThreadPriority, uint16_t, uint32_t *)
      10  OsWrapper::RtosWrapper::wDeleteEvent(void * &)
       8  OsWrapper::RtosWrapper::wGetTicks()
       8  OsWrapper::RtosWrapper::wStart()
      28  Register<1073874944U, 32U, ReadWriteMode, GPIOC::GPIOCMODERBase, GPIOC_MODER_MODER15_Values<GPIOC::MODER, 10U, 2U, ReadWriteMode, GPIOC::GPIOCMODERBase>::Output, GPIOC_MODER_MODER15_Values<GPIOC::MODER, 16U, 2U, ReadWriteMode, GPIOC::GPIOCMODERBase>::Output, GPIOC_MODER_MODER15_Values<GPIOC::MODER, 18U, 2U, ReadWriteMode, GPIOC::GPIOCMODERBase>::Output>::Set<ReadWriteMode, void>()
      20  Register<1073887280U, 32U, ReadWriteMode, RCC::RCCAHB1ENRBase, RCC_AHB1ENR_GPIOCEN_Values<RCC::AHB1ENR, 2U, 1U, ReadWriteMode, RCC::RCCAHB1ENRBase>::Enable, RCC_AHB1ENR_GPIOAEN_Values<RCC::AHB1ENR, 0U, 1U, ReadWriteMode, RCC::RCCAHB1ENRBase>::Enable>::Set<ReadWriteMode, void>()
      12  RegisterBase<1073874960U, 32U, ReadMode>::Get<ReadMode, void>()
      16  RegisterBase<1073874964U, 32U, ReadWriteMode>::Toggle<ReadWriteMode, void>(uint32_t)
       4  SystemCoreClock
      46  __low_level_init
      56  __sti__routine()
       4  button
     612  buttonTask
      36  event
       4  led3
     624  led3task
      30  main
       4  mask
       4  mask
       2  std::array<uint32_t, 128U>::data()
       6  std::chrono::duration<__int64_t, std::milli>::count() const
       4  std::chrono::duration<uint32_t, std::ratio<10LL, 1000LL>>::count() const
       6  std::chrono::duration<uint32_t, std::ratio<10LL, 1000LL>>::duration<uint32_t, void>(uint32_t const &)
      28  std::chrono::duration_cast<OsWrapper::TicksPerSecond, __int64_t, std::milli>(std::chrono::duration<__int64_t, std::milli> const &)
       1  std::chrono::steady_clock::is_steady
       1  std::chrono::system_clock::is_monotonic
       1  std::chrono::system_clock::is_steady
       4  value
       4  value
     204  -- Other

 
 1'272 bytes in section .bss
    12 bytes in section .data
     4 bytes in section .init_array
   243 bytes in section .rodata
   730 bytes in section .text
 
   180 bytes of CODE  memory (+ 554 bytes shared)
    40 bytes of CONST memory (+ 203 bytes shared)
 1'284 bytes of DATA  memory

Errors: none
Warnings: none
